[pixinvent.com/demo/vuexy-html-bootstrap-admin-template/html/ltr/vertical-menu-template/index.html]
[backblue.gif]
[fade.gif]
[index.html]
[pixinvent.com/demo/vuexy-html-bootstrap-admin-template/app-assets/vendors/css/vendors.min.css]
[pixinvent.com/demo/vuexy-html-bootstrap-admin-template/app-assets/vendors/css/charts/apexcharts.css]
[pixinvent.com/demo/vuexy-html-bootstrap-admin-template/app-assets/vendors/css/extensions/toastr.min.css]
[pixinvent.com/demo/vuexy-html-bootstrap-admin-template/app-assets/css/bootstrap.min.css]
[pixinvent.com/demo/vuexy-html-bootstrap-admin-template/app-assets/css/bootstrap-extended.min.css]
[pixinvent.com/demo/vuexy-html-bootstrap-admin-template/app-assets/css/colors.min.css]
[pixinvent.com/demo/vuexy-html-bootstrap-admin-template/app-assets/css/components.min.css]
[pixinvent.com/demo/vuexy-html-bootstrap-admin-template/app-assets/css/themes/dark-layout.min.css]
[pixinvent.com/demo/vuexy-html-bootstrap-admin-template/app-assets/css/themes/bordered-layout.min.css]
[pixinvent.com/demo/vuexy-html-bootstrap-admin-template/app-assets/css/core/menu/menu-types/vertical-menu.min.css]
[pixinvent.com/demo/vuexy-html-bootstrap-admin-template/app-assets/css/pages/dashboard-ecommerce.min.css]
[pixinvent.com/demo/vuexy-html-bootstrap-admin-template/app-assets/css/plugins/charts/chart-apex.min.css]
[pixinvent.com/demo/vuexy-html-bootstrap-admin-template/app-assets/css/plugins/extensions/ext-component-toastr.min.css]
[pixinvent.com/demo/vuexy-html-bootstrap-admin-template/assets/css/style.css]
[pixinvent.com/demo/vuexy-html-bootstrap-admin-template/html/ltr/vertical-menu-template/app-email.html]
[pixinvent.com/demo/vuexy-html-bootstrap-admin-template/html/ltr/vertical-menu-template/app-chat.html]
[pixinvent.com/demo/vuexy-html-bootstrap-admin-template/html/ltr/vertical-menu-template/app-calendar.html]
[pixinvent.com/demo/vuexy-html-bootstrap-admin-template/html/ltr/vertical-menu-template/app-todo.html]
[pixinvent.com/demo/vuexy-html-bootstrap-admin-template/app-assets/images/pages/eCommerce/1.png]
[pixinvent.com/demo/vuexy-html-bootstrap-admin-template/html/ltr/vertical-menu-template/app-ecommerce-details.html]
[pixinvent.com/demo/vuexy-html-bootstrap-admin-template/app-assets/images/pages/eCommerce/7.png]
[pixinvent.com/demo/vuexy-html-bootstrap-admin-template/app-assets/images/pages/eCommerce/2.png]
[pixinvent.com/demo/vuexy-html-bootstrap-admin-template/app-assets/images/pages/eCommerce/3.png]
[pixinvent.com/demo/vuexy-html-bootstrap-admin-template/app-assets/images/pages/eCommerce/5.png]
[pixinvent.com/demo/vuexy-html-bootstrap-admin-template/html/ltr/vertical-menu-template/app-ecommerce-checkout.html]
[pixinvent.com/demo/vuexy-html-bootstrap-admin-template/app-assets/images/portrait/small/avatar-s-15.jpg]
[pixinvent.com/demo/vuexy-html-bootstrap-admin-template/app-assets/images/portrait/small/avatar-s-3.jpg]
[pixinvent.com/demo/vuexy-html-bootstrap-admin-template/app-assets/images/portrait/small/avatar-s-11.jpg]
[pixinvent.com/demo/vuexy-html-bootstrap-admin-template/html/ltr/vertical-menu-template/page-profile.html]
[pixinvent.com/demo/vuexy-html-bootstrap-admin-template/html/ltr/vertical-menu-template/page-account-settings.html]
[pixinvent.com/demo/vuexy-html-bootstrap-admin-template/html/ltr/vertical-menu-template/page-pricing.html]
[pixinvent.com/demo/vuexy-html-bootstrap-admin-template/html/ltr/vertical-menu-template/page-faq.html]
[pixinvent.com/demo/vuexy-html-bootstrap-admin-template/html/ltr/vertical-menu-template/page-auth-login-v2.html]
[pixinvent.com/demo/vuexy-html-bootstrap-admin-template/html/ltr/vertical-menu-template/app-file-manager.html]
[pixinvent.com/demo/vuexy-html-bootstrap-admin-template/app-assets/images/icons/xls.png]
[pixinvent.com/demo/vuexy-html-bootstrap-admin-template/app-assets/images/icons/jpg.png]
[pixinvent.com/demo/vuexy-html-bootstrap-admin-template/app-assets/images/icons/pdf.png]
[pixinvent.com/demo/vuexy-html-bootstrap-admin-template/app-assets/images/icons/doc.png]
[pixinvent.com/demo/vuexy-html-bootstrap-admin-template/html/ltr/vertical-menu-template/app-user-view.html]
[pixinvent.com/demo/vuexy-html-bootstrap-admin-template/app-assets/images/portrait/small/avatar-s-8.jpg]
[pixinvent.com/demo/vuexy-html-bootstrap-admin-template/app-assets/images/portrait/small/avatar-s-1.jpg]
[pixinvent.com/demo/vuexy-html-bootstrap-admin-template/app-assets/images/portrait/small/avatar-s-14.jpg]
[pixinvent.com/demo/vuexy-html-bootstrap-admin-template/app-assets/images/portrait/small/avatar-s-6.jpg]
[pixinvent.com/demo/vuexy-html-bootstrap-admin-template/html/ltr/vertical-menu-template/dashboard-analytics.html]
[pixinvent.com/demo/vuexy-html-bootstrap-admin-template/html/ltr/vertical-menu-template/dashboard-ecommerce.html]
[pixinvent.com/demo/vuexy-html-bootstrap-admin-template/html/ltr/vertical-menu-template/app-kanban.html]
[pixinvent.com/demo/vuexy-html-bootstrap-admin-template/html/ltr/vertical-menu-template/app-invoice-list.html]
[pixinvent.com/demo/vuexy-html-bootstrap-admin-template/html/ltr/vertical-menu-template/app-invoice-preview.html]
[pixinvent.com/demo/vuexy-html-bootstrap-admin-template/html/ltr/vertical-menu-template/app-invoice-edit.html]
[pixinvent.com/demo/vuexy-html-bootstrap-admin-template/html/ltr/vertical-menu-template/app-invoice-add.html]
[pixinvent.com/demo/vuexy-html-bootstrap-admin-template/html/ltr/vertical-menu-template/app-ecommerce-shop.html]
[pixinvent.com/demo/vuexy-html-bootstrap-admin-template/html/ltr/vertical-menu-template/app-ecommerce-wishlist.html]
[pixinvent.com/demo/vuexy-html-bootstrap-admin-template/html/ltr/vertical-menu-template/app-user-list.html]
[pixinvent.com/demo/vuexy-html-bootstrap-admin-template/html/ltr/vertical-menu-template/app-user-edit.html]
[pixinvent.com/demo/vuexy-html-bootstrap-admin-template/html/ltr/vertical-menu-template/page-auth-login-v1.html]
[pixinvent.com/demo/vuexy-html-bootstrap-admin-template/html/ltr/vertical-menu-template/page-auth-register-v1.html]
[pixinvent.com/demo/vuexy-html-bootstrap-admin-template/html/ltr/vertical-menu-template/page-auth-register-v2.html]
[pixinvent.com/demo/vuexy-html-bootstrap-admin-template/html/ltr/vertical-menu-template/page-auth-forgot-password-v1.html]
[pixinvent.com/demo/vuexy-html-bootstrap-admin-template/html/ltr/vertical-menu-template/page-auth-forgot-password-v2.html]
[pixinvent.com/demo/vuexy-html-bootstrap-admin-template/html/ltr/vertical-menu-template/page-auth-reset-password-v1.html]
[pixinvent.com/demo/vuexy-html-bootstrap-admin-template/html/ltr/vertical-menu-template/page-auth-reset-password-v2.html]
[pixinvent.com/demo/vuexy-html-bootstrap-admin-template/html/ltr/vertical-menu-template/page-knowledge-base.html]
[pixinvent.com/demo/vuexy-html-bootstrap-admin-template/html/ltr/vertical-menu-template/page-blog-list.html]
[pixinvent.com/demo/vuexy-html-bootstrap-admin-template/html/ltr/vertical-menu-template/page-blog-detail.html]
[pixinvent.com/demo/vuexy-html-bootstrap-admin-template/html/ltr/vertical-menu-template/page-blog-edit.html]
[pixinvent.com/demo/vuexy-html-bootstrap-admin-template/html/ltr/vertical-menu-template/page-misc-coming-soon.html]
[pixinvent.com/demo/vuexy-html-bootstrap-admin-template/html/ltr/vertical-menu-template/page-misc-not-authorized.html]
[pixinvent.com/demo/vuexy-html-bootstrap-admin-template/html/ltr/vertical-menu-template/page-misc-under-maintenance.html]
[pixinvent.com/demo/vuexy-html-bootstrap-admin-template/html/ltr/vertical-menu-template/page-misc-error.html]
[pixinvent.com/demo/vuexy-html-bootstrap-admin-template/html/ltr/vertical-menu-template/ui-typography.html]
[pixinvent.com/demo/vuexy-html-bootstrap-admin-template/html/ltr/vertical-menu-template/ui-colors.html]
[pixinvent.com/demo/vuexy-html-bootstrap-admin-template/html/ltr/vertical-menu-template/ui-feather.html]
[pixinvent.com/demo/vuexy-html-bootstrap-admin-template/html/ltr/vertical-menu-template/card-basic.html]
[pixinvent.com/demo/vuexy-html-bootstrap-admin-template/html/ltr/vertical-menu-template/card-advance.html]
[pixinvent.com/demo/vuexy-html-bootstrap-admin-template/html/ltr/vertical-menu-template/card-statistics.html]
[pixinvent.com/demo/vuexy-html-bootstrap-admin-template/html/ltr/vertical-menu-template/card-analytics.html]
[pixinvent.com/demo/vuexy-html-bootstrap-admin-template/html/ltr/vertical-menu-template/card-actions.html]
[pixinvent.com/demo/vuexy-html-bootstrap-admin-template/html/ltr/vertical-menu-template/component-alerts.html]
[pixinvent.com/demo/vuexy-html-bootstrap-admin-template/html/ltr/vertical-menu-template/component-avatar.html]
[pixinvent.com/demo/vuexy-html-bootstrap-admin-template/html/ltr/vertical-menu-template/component-badges.html]
[pixinvent.com/demo/vuexy-html-bootstrap-admin-template/html/ltr/vertical-menu-template/component-breadcrumbs.html]
[pixinvent.com/demo/vuexy-html-bootstrap-admin-template/html/ltr/vertical-menu-template/component-buttons.html]
[pixinvent.com/demo/vuexy-html-bootstrap-admin-template/html/ltr/vertical-menu-template/component-carousel.html]
[pixinvent.com/demo/vuexy-html-bootstrap-admin-template/html/ltr/vertical-menu-template/component-collapse.html]
[pixinvent.com/demo/vuexy-html-bootstrap-admin-template/html/ltr/vertical-menu-template/component-divider.html]
[pixinvent.com/demo/vuexy-html-bootstrap-admin-template/html/ltr/vertical-menu-template/component-dropdowns.html]
[pixinvent.com/demo/vuexy-html-bootstrap-admin-template/html/ltr/vertical-menu-template/component-list-group.html]
[pixinvent.com/demo/vuexy-html-bootstrap-admin-template/html/ltr/vertical-menu-template/component-media-objects.html]
[pixinvent.com/demo/vuexy-html-bootstrap-admin-template/html/ltr/vertical-menu-template/component-modals.html]
[pixinvent.com/demo/vuexy-html-bootstrap-admin-template/html/ltr/vertical-menu-template/component-navs-component.html]
[pixinvent.com/demo/vuexy-html-bootstrap-admin-template/html/ltr/vertical-menu-template/component-pagination.html]
[pixinvent.com/demo/vuexy-html-bootstrap-admin-template/html/ltr/vertical-menu-template/component-pill-badges.html]
[pixinvent.com/demo/vuexy-html-bootstrap-admin-template/html/ltr/vertical-menu-template/component-pills-component.html]
[pixinvent.com/demo/vuexy-html-bootstrap-admin-template/html/ltr/vertical-menu-template/component-popovers.html]
[pixinvent.com/demo/vuexy-html-bootstrap-admin-template/html/ltr/vertical-menu-template/component-progress.html]
[pixinvent.com/demo/vuexy-html-bootstrap-admin-template/html/ltr/vertical-menu-template/component-spinner.html]
[pixinvent.com/demo/vuexy-html-bootstrap-admin-template/html/ltr/vertical-menu-template/component-tabs-component.html]
[pixinvent.com/demo/vuexy-html-bootstrap-admin-template/html/ltr/vertical-menu-template/component-timeline.html]
[pixinvent.com/demo/vuexy-html-bootstrap-admin-template/html/ltr/vertical-menu-template/component-bs-toast.html]
[pixinvent.com/demo/vuexy-html-bootstrap-admin-template/html/ltr/vertical-menu-template/component-tooltips.html]
[pixinvent.com/demo/vuexy-html-bootstrap-admin-template/html/ltr/vertical-menu-template/ext-component-sweet-alerts.html]
[pixinvent.com/demo/vuexy-html-bootstrap-admin-template/html/ltr/vertical-menu-template/ext-component-blockui.html]
[pixinvent.com/demo/vuexy-html-bootstrap-admin-template/html/ltr/vertical-menu-template/ext-component-toastr.html]
[pixinvent.com/demo/vuexy-html-bootstrap-admin-template/html/ltr/vertical-menu-template/ext-component-sliders.html]
[pixinvent.com/demo/vuexy-html-bootstrap-admin-template/html/ltr/vertical-menu-template/ext-component-drag-drop.html]
[pixinvent.com/demo/vuexy-html-bootstrap-admin-template/html/ltr/vertical-menu-template/ext-component-tour.html]
[pixinvent.com/demo/vuexy-html-bootstrap-admin-template/html/ltr/vertical-menu-template/ext-component-clipboard.html]
[pixinvent.com/demo/vuexy-html-bootstrap-admin-template/html/ltr/vertical-menu-template/ext-component-media-player.html]
[pixinvent.com/demo/vuexy-html-bootstrap-admin-template/html/ltr/vertical-menu-template/ext-component-context-menu.html]
[pixinvent.com/demo/vuexy-html-bootstrap-admin-template/html/ltr/vertical-menu-template/ext-component-swiper.html]
[pixinvent.com/demo/vuexy-html-bootstrap-admin-template/html/ltr/vertical-menu-template/ext-component-tree.html]
[pixinvent.com/demo/vuexy-html-bootstrap-admin-template/html/ltr/vertical-menu-template/ext-component-ratings.html]
[pixinvent.com/demo/vuexy-html-bootstrap-admin-template/html/ltr/vertical-menu-template/ext-component-i18n.html]
[pixinvent.com/demo/vuexy-html-bootstrap-admin-template/html/ltr/vertical-menu-template/layout-collapsed-menu.html]
[pixinvent.com/demo/vuexy-html-bootstrap-admin-template/html/ltr/vertical-menu-template/layout-boxed.html]
[pixinvent.com/demo/vuexy-html-bootstrap-admin-template/html/ltr/vertical-menu-template/layout-without-menu.html]
[pixinvent.com/demo/vuexy-html-bootstrap-admin-template/html/ltr/vertical-menu-template/layout-empty.html]
[pixinvent.com/demo/vuexy-html-bootstrap-admin-template/html/ltr/vertical-menu-template/layout-blank.html]
[pixinvent.com/demo/vuexy-html-bootstrap-admin-template/html/ltr/vertical-menu-template/form-input.html]
[pixinvent.com/demo/vuexy-html-bootstrap-admin-template/html/ltr/vertical-menu-template/form-input-groups.html]
[pixinvent.com/demo/vuexy-html-bootstrap-admin-template/html/ltr/vertical-menu-template/form-input-mask.html]
[pixinvent.com/demo/vuexy-html-bootstrap-admin-template/html/ltr/vertical-menu-template/form-textarea.html]
[pixinvent.com/demo/vuexy-html-bootstrap-admin-template/html/ltr/vertical-menu-template/form-checkbox.html]
[pixinvent.com/demo/vuexy-html-bootstrap-admin-template/html/ltr/vertical-menu-template/form-radio.html]
[pixinvent.com/demo/vuexy-html-bootstrap-admin-template/html/ltr/vertical-menu-template/form-switch.html]
[pixinvent.com/demo/vuexy-html-bootstrap-admin-template/html/ltr/vertical-menu-template/form-select.html]
[pixinvent.com/demo/vuexy-html-bootstrap-admin-template/html/ltr/vertical-menu-template/form-number-input.html]
[pixinvent.com/demo/vuexy-html-bootstrap-admin-template/html/ltr/vertical-menu-template/form-file-uploader.html]
[pixinvent.com/demo/vuexy-html-bootstrap-admin-template/html/ltr/vertical-menu-template/form-quill-editor.html]
[pixinvent.com/demo/vuexy-html-bootstrap-admin-template/html/ltr/vertical-menu-template/form-date-time-picker.html]
[pixinvent.com/demo/vuexy-html-bootstrap-admin-template/html/ltr/vertical-menu-template/form-layout.html]
[pixinvent.com/demo/vuexy-html-bootstrap-admin-template/html/ltr/vertical-menu-template/form-wizard.html]
[pixinvent.com/demo/vuexy-html-bootstrap-admin-template/html/ltr/vertical-menu-template/form-validation.html]
[pixinvent.com/demo/vuexy-html-bootstrap-admin-template/html/ltr/vertical-menu-template/form-repeater.html]
[pixinvent.com/demo/vuexy-html-bootstrap-admin-template/html/ltr/vertical-menu-template/table-bootstrap.html]
[pixinvent.com/demo/vuexy-html-bootstrap-admin-template/html/ltr/vertical-menu-template/table-datatable-basic.html]
[pixinvent.com/demo/vuexy-html-bootstrap-admin-template/html/ltr/vertical-menu-template/table-datatable-advanced.html]
[pixinvent.com/demo/vuexy-html-bootstrap-admin-template/html/ltr/vertical-menu-template/table-ag-grid.html]
[pixinvent.com/demo/vuexy-html-bootstrap-admin-template/html/ltr/vertical-menu-template/chart-apex.html]
[pixinvent.com/demo/vuexy-html-bootstrap-admin-template/html/ltr/vertical-menu-template/chart-chartjs.html]
[pixinvent.com/demo/vuexy-html-bootstrap-admin-template/html/ltr/vertical-menu-template/maps-leaflet.html]
[pixinvent.com/demo/vuexy-html-bootstrap-admin-template/app-assets/images/portrait/small/avatar-s-9.jpg]
[pixinvent.com/demo/vuexy-html-bootstrap-admin-template/app-assets/images/portrait/small/avatar-s-20.jpg]
[pixinvent.com/demo/vuexy-html-bootstrap-admin-template/app-assets/images/icons/google-chrome.png]
[pixinvent.com/demo/vuexy-html-bootstrap-admin-template/app-assets/images/icons/mozila-firefox.png]
[pixinvent.com/demo/vuexy-html-bootstrap-admin-template/app-assets/images/icons/apple-safari.png]
[pixinvent.com/demo/vuexy-html-bootstrap-admin-template/app-assets/images/icons/internet-explorer.png]
[pixinvent.com/demo/vuexy-html-bootstrap-admin-template/app-assets/images/icons/opera.png]
[pixinvent.com/demo/vuexy-html-bootstrap-admin-template/app-assets/vendors/js/vendors.min.js]
[pixinvent.com/demo/vuexy-html-bootstrap-admin-template/app-assets/vendors/js/charts/apexcharts.min.js]
[pixinvent.com/demo/vuexy-html-bootstrap-admin-template/app-assets/vendors/js/extensions/toastr.min.js]
[pixinvent.com/demo/vuexy-html-bootstrap-admin-template/app-assets/js/core/app-menu.min.js]
[pixinvent.com/demo/vuexy-html-bootstrap-admin-template/app-assets/js/core/app.min.js]
[pixinvent.com/demo/vuexy-html-bootstrap-admin-template/app-assets/js/scripts/customizer.min.js]
[pixinvent.com/demo/vuexy-html-bootstrap-admin-template/html/ltr/vertical-menu-template/index.html]
[pixinvent.com/demo/vuexy-html-bootstrap-admin-template/app-assets/images/ico/apple-icon-120.html]
[pixinvent.com/demo/vuexy-html-bootstrap-admin-template/app-assets/vendors/css/vendors.min.css]
[pixinvent.com/demo/vuexy-html-bootstrap-admin-template/app-assets/vendors/css/charts/apexcharts.css]
[pixinvent.com/demo/vuexy-html-bootstrap-admin-template/app-assets/vendors/css/extensions/toastr.min.css]
[pixinvent.com/demo/vuexy-html-bootstrap-admin-template/app-assets/css/bootstrap.min.css]
[pixinvent.com/demo/vuexy-html-bootstrap-admin-template/app-assets/css/bootstrap-extended.min.css]
[pixinvent.com/demo/vuexy-html-bootstrap-admin-template/app-assets/css/colors.min.css]
[pixinvent.com/demo/vuexy-html-bootstrap-admin-template/app-assets/css/components.min.css]
[pixinvent.com/demo/vuexy-html-bootstrap-admin-template/app-assets/css/themes/dark-layout.min.css]
[pixinvent.com/demo/vuexy-html-bootstrap-admin-template/app-assets/css/themes/bordered-layout.min.css]
[pixinvent.com/demo/vuexy-html-bootstrap-admin-template/app-assets/css/core/menu/menu-types/vertical-menu.min.css]
[pixinvent.com/demo/vuexy-html-bootstrap-admin-template/app-assets/css/pages/dashboard-ecommerce.min.css]
[pixinvent.com/demo/vuexy-html-bootstrap-admin-template/app-assets/css/plugins/charts/chart-apex.min.css]
[pixinvent.com/demo/vuexy-html-bootstrap-admin-template/app-assets/css/plugins/extensions/ext-component-toastr.min.css]
[pixinvent.com/demo/vuexy-html-bootstrap-admin-template/assets/css/style.css]
[pixinvent.com/demo/vuexy-html-bootstrap-admin-template/app-assets/js/scripts/pages/dashboard-ecommerce.min.js]
[pixinvent.com/demo/vuexy-html-bootstrap-admin-template/app-assets/vendors/css/editors/quill/katex.min.css]
[pixinvent.com/demo/vuexy-html-bootstrap-admin-template/app-assets/vendors/css/editors/quill/monokai-sublime.min.css]
[pixinvent.com/demo/vuexy-html-bootstrap-admin-template/app-assets/vendors/css/editors/quill/quill.snow.css]
[pixinvent.com/demo/vuexy-html-bootstrap-admin-template/app-assets/vendors/css/forms/select/select2.min.css]
[pixinvent.com/demo/vuexy-html-bootstrap-admin-template/app-assets/css/plugins/forms/form-quill-editor.min.css]
[pixinvent.com/demo/vuexy-html-bootstrap-admin-template/app-assets/css/pages/app-email.min.css]
[pixinvent.com/demo/vuexy-html-bootstrap-admin-template/app-assets/images/portrait/small/avatar-s-17.jpg]
[pixinvent.com/demo/vuexy-html-bootstrap-admin-template/app-assets/images/portrait/small/avatar-s-7.jpg]
[pixinvent.com/demo/vuexy-html-bootstrap-admin-template/app-assets/images/portrait/small/avatar-s-5.jpg]
[pixinvent.com/demo/vuexy-html-bootstrap-admin-template/app-assets/images/portrait/small/avatar-s-10.jpg]
[pixinvent.com/demo/vuexy-html-bootstrap-admin-template/app-assets/images/portrait/small/avatar-s-18.jpg]
[pixinvent.com/demo/vuexy-html-bootstrap-admin-template/app-assets/vendors/js/editors/quill/katex.min.js]
[pixinvent.com/demo/vuexy-html-bootstrap-admin-template/app-assets/vendors/js/editors/quill/highlight.min.js]
[pixinvent.com/demo/vuexy-html-bootstrap-admin-template/app-assets/vendors/js/editors/quill/quill.min.js]
[pixinvent.com/demo/vuexy-html-bootstrap-admin-template/app-assets/vendors/js/forms/select/select2.full.min.js]
[pixinvent.com/demo/vuexy-html-bootstrap-admin-template/html/ltr/vertical-menu-template/app-email.html]
[pixinvent.com/demo/vuexy-html-bootstrap-admin-template/app-assets/js/scripts/pages/app-email.min.js]
[pixinvent.com/demo/vuexy-html-bootstrap-admin-template/app-assets/css/pages/app-chat.min.css]
[pixinvent.com/demo/vuexy-html-bootstrap-admin-template/app-assets/css/pages/app-chat-list.min.css]
[pixinvent.com/demo/vuexy-html-bootstrap-admin-template/app-assets/images/portrait/small/avatar-s-13.jpg]
[pixinvent.com/demo/vuexy-html-bootstrap-admin-template/html/ltr/vertical-menu-template/app-chat.html]
[pixinvent.com/demo/vuexy-html-bootstrap-admin-template/app-assets/js/scripts/pages/app-chat.min.js]
[pixinvent.com/demo/vuexy-html-bootstrap-admin-template/app-assets/vendors/css/calendars/fullcalendar.min.css]
[pixinvent.com/demo/vuexy-html-bootstrap-admin-template/app-assets/vendors/css/pickers/flatpickr/flatpickr.min.css]
[pixinvent.com/demo/vuexy-html-bootstrap-admin-template/app-assets/css/plugins/forms/pickers/form-flat-pickr.min.css]
[pixinvent.com/demo/vuexy-html-bootstrap-admin-template/app-assets/css/pages/app-calendar.min.css]
[pixinvent.com/demo/vuexy-html-bootstrap-admin-template/app-assets/css/plugins/forms/form-validation.css]
[pixinvent.com/demo/vuexy-html-bootstrap-admin-template/app-assets/images/pages/calendar-illustration.png]
[pixinvent.com/demo/vuexy-html-bootstrap-admin-template/app-assets/vendors/js/calendar/fullcalendar.min.js]
[pixinvent.com/demo/vuexy-html-bootstrap-admin-template/app-assets/vendors/js/extensions/moment.min.js]
[pixinvent.com/demo/vuexy-html-bootstrap-admin-template/app-assets/vendors/js/forms/validation/jquery.validate.min.js]
[pixinvent.com/demo/vuexy-html-bootstrap-admin-template/app-assets/vendors/js/pickers/flatpickr/flatpickr.min.js]
[pixinvent.com/demo/vuexy-html-bootstrap-admin-template/app-assets/js/scripts/pages/app-calendar-events.min.js]
[pixinvent.com/demo/vuexy-html-bootstrap-admin-template/html/ltr/vertical-menu-template/app-calendar.html]
[pixinvent.com/demo/vuexy-html-bootstrap-admin-template/app-assets/js/scripts/pages/app-calendar.min.js]
[pixinvent.com/demo/vuexy-html-bootstrap-admin-template/app-assets/vendors/css/extensions/dragula.min.css]
[pixinvent.com/demo/vuexy-html-bootstrap-admin-template/app-assets/css/pages/app-todo.min.css]
[pixinvent.com/demo/vuexy-html-bootstrap-admin-template/app-assets/images/portrait/small/avatar-s-4.jpg]
[pixinvent.com/demo/vuexy-html-bootstrap-admin-template/app-assets/images/portrait/small/avatar-s-2.jpg]
[pixinvent.com/demo/vuexy-html-bootstrap-admin-template/app-assets/vendors/js/extensions/dragula.min.js]
[pixinvent.com/demo/vuexy-html-bootstrap-admin-template/html/ltr/vertical-menu-template/app-todo.html]
[pixinvent.com/demo/vuexy-html-bootstrap-admin-template/app-assets/js/scripts/pages/app-todo.min.js]
[pixinvent.com/demo/vuexy-html-bootstrap-admin-template/app-assets/vendors/css/forms/spinner/jquery.bootstrap-touchspin.css]
[pixinvent.com/demo/vuexy-html-bootstrap-admin-template/app-assets/vendors/css/extensions/swiper.min.css]
[pixinvent.com/demo/vuexy-html-bootstrap-admin-template/app-assets/css/pages/app-ecommerce-details.min.css]
[pixinvent.com/demo/vuexy-html-bootstrap-admin-template/app-assets/css/plugins/forms/form-number-input.min.css]
[pixinvent.com/demo/vuexy-html-bootstrap-admin-template/app-assets/images/elements/apple-watch.png]
[pixinvent.com/demo/vuexy-html-bootstrap-admin-template/app-assets/images/elements/macbook-pro.png]
[pixinvent.com/demo/vuexy-html-bootstrap-admin-template/app-assets/images/elements/homepod.png]
[pixinvent.com/demo/vuexy-html-bootstrap-admin-template/app-assets/images/elements/magic-mouse.png]
[pixinvent.com/demo/vuexy-html-bootstrap-admin-template/app-assets/images/elements/iphone-x.png]
[pixinvent.com/demo/vuexy-html-bootstrap-admin-template/app-assets/vendors/js/forms/spinner/jquery.bootstrap-touchspin.js]
[pixinvent.com/demo/vuexy-html-bootstrap-admin-template/app-assets/vendors/js/extensions/swiper.min.js]
[pixinvent.com/demo/vuexy-html-bootstrap-admin-template/app-assets/js/scripts/pages/app-ecommerce-details.min.js]
[pixinvent.com/demo/vuexy-html-bootstrap-admin-template/html/ltr/vertical-menu-template/app-ecommerce-details.html]
[pixinvent.com/demo/vuexy-html-bootstrap-admin-template/app-assets/js/scripts/forms/form-number-input.min.js]
[pixinvent.com/demo/vuexy-html-bootstrap-admin-template/app-assets/vendors/css/forms/wizard/bs-stepper.min.css]
[pixinvent.com/demo/vuexy-html-bootstrap-admin-template/app-assets/css/pages/app-ecommerce.min.css]
[pixinvent.com/demo/vuexy-html-bootstrap-admin-template/app-assets/css/plugins/forms/pickers/form-pickadate.min.css]
[pixinvent.com/demo/vuexy-html-bootstrap-admin-template/app-assets/css/plugins/forms/form-wizard.min.css]
[pixinvent.com/demo/vuexy-html-bootstrap-admin-template/app-assets/images/pages/eCommerce/4.png]
[pixinvent.com/demo/vuexy-html-bootstrap-admin-template/app-assets/images/pages/eCommerce/6.png]
[pixinvent.com/demo/vuexy-html-bootstrap-admin-template/app-assets/vendors/js/forms/wizard/bs-stepper.min.js]
[pixinvent.com/demo/vuexy-html-bootstrap-admin-template/html/ltr/vertical-menu-template/app-ecommerce-checkout.html]
[pixinvent.com/demo/vuexy-html-bootstrap-admin-template/app-assets/js/scripts/pages/app-ecommerce-checkout.min.js]
[pixinvent.com/demo/vuexy-html-bootstrap-admin-template/app-assets/css/pages/page-profile.min.css]
[pixinvent.com/demo/vuexy-html-bootstrap-admin-template/app-assets/images/profile/user-uploads/timeline.jpg]
[pixinvent.com/demo/vuexy-html-bootstrap-admin-template/app-assets/images/avatars/12-small.png]
[pixinvent.com/demo/vuexy-html-bootstrap-admin-template/app-assets/images/avatars/1-small.png]
[pixinvent.com/demo/vuexy-html-bootstrap-admin-template/app-assets/images/avatars/10-small.png]
[pixinvent.com/demo/vuexy-html-bootstrap-admin-template/app-assets/images/avatars/3-small.png]
[pixinvent.com/demo/vuexy-html-bootstrap-admin-template/app-assets/images/avatars/5-small.png]
[pixinvent.com/demo/vuexy-html-bootstrap-admin-template/app-assets/images/avatars/6-small.png]
[pixinvent.com/demo/vuexy-html-bootstrap-admin-template/app-assets/images/profile/post-media/2.jpg]
[pixinvent.com/demo/vuexy-html-bootstrap-admin-template/app-assets/images/portrait/small/avatar-s-22.jpg]
[pixinvent.com/demo/vuexy-html-bootstrap-admin-template/app-assets/images/profile/post-media/25.jpg]
[pixinvent.com/demo/vuexy-html-bootstrap-admin-template/app-assets/images/profile/user-uploads/user-13.jpg]
[pixinvent.com/demo/vuexy-html-bootstrap-admin-template/app-assets/images/profile/user-uploads/user-02.jpg]
[pixinvent.com/demo/vuexy-html-bootstrap-admin-template/app-assets/images/profile/user-uploads/user-03.jpg]
[pixinvent.com/demo/vuexy-html-bootstrap-admin-template/app-assets/images/profile/user-uploads/user-04.jpg]
[pixinvent.com/demo/vuexy-html-bootstrap-admin-template/app-assets/images/profile/user-uploads/user-05.jpg]
[pixinvent.com/demo/vuexy-html-bootstrap-admin-template/app-assets/images/profile/user-uploads/user-06.jpg]
[pixinvent.com/demo/vuexy-html-bootstrap-admin-template/app-assets/images/profile/user-uploads/user-07.jpg]
[pixinvent.com/demo/vuexy-html-bootstrap-admin-template/app-assets/images/profile/user-uploads/user-08.jpg]
[pixinvent.com/demo/vuexy-html-bootstrap-admin-template/app-assets/images/profile/user-uploads/user-09.jpg]
[pixinvent.com/demo/vuexy-html-bootstrap-admin-template/app-assets/images/portrait/small/avatar-s-12.jpg]
[pixinvent.com/demo/vuexy-html-bootstrap-admin-template/html/ltr/vertical-menu-template/page-profile.html]
[pixinvent.com/demo/vuexy-html-bootstrap-admin-template/app-assets/js/scripts/pages/page-profile.min.js]
[pixinvent.com/demo/vuexy-html-bootstrap-admin-template/app-assets/images/avatars/11-small.png]
[pixinvent.com/demo/vuexy-html-bootstrap-admin-template/app-assets/vendors/js/extensions/dropzone.min.js]
[pixinvent.com/demo/vuexy-html-bootstrap-admin-template/html/ltr/vertical-menu-template/page-account-settings.html]
[pixinvent.com/demo/vuexy-html-bootstrap-admin-template/app-assets/js/scripts/pages/page-account-settings.min.js]
[pixinvent.com/demo/vuexy-html-bootstrap-admin-template/app-assets/css/pages/page-pricing.min.css]
[pixinvent.com/demo/vuexy-html-bootstrap-admin-template/html/ltr/vertical-menu-template/page-pricing.html]
[pixinvent.com/demo/vuexy-html-bootstrap-admin-template/app-assets/js/scripts/pages/page-pricing.min.js]
[pixinvent.com/demo/vuexy-html-bootstrap-admin-template/app-assets/css/pages/page-faq.min.css]
[pixinvent.com/demo/vuexy-html-bootstrap-admin-template/app-assets/images/banner/banner.png]
[pixinvent.com/demo/vuexy-html-bootstrap-admin-template/html/ltr/vertical-menu-template/page-faq.html]
[pixinvent.com/demo/vuexy-html-bootstrap-admin-template/app-assets/css/pages/page-auth.min.css]
[pixinvent.com/demo/vuexy-html-bootstrap-admin-template/html/ltr/vertical-menu-template/page-auth-login-v2.html]
[pixinvent.com/demo/vuexy-html-bootstrap-admin-template/app-assets/js/scripts/pages/page-auth-login.js]
[pixinvent.com/demo/vuexy-html-bootstrap-admin-template/app-assets/fonts/font-awesome/css/font-awesome.min.css]
[pixinvent.com/demo/vuexy-html-bootstrap-admin-template/app-assets/vendors/css/extensions/jstree.min.css]
[pixinvent.com/demo/vuexy-html-bootstrap-admin-template/app-assets/css/plugins/extensions/ext-component-tree.min.css]
[pixinvent.com/demo/vuexy-html-bootstrap-admin-template/app-assets/css/pages/app-file-manager.min.css]
[pixinvent.com/demo/vuexy-html-bootstrap-admin-template/app-assets/images/icons/drive.png]
[pixinvent.com/demo/vuexy-html-bootstrap-admin-template/app-assets/images/icons/dropbox.png]
[pixinvent.com/demo/vuexy-html-bootstrap-admin-template/app-assets/images/icons/onedrivenew.png]
[pixinvent.com/demo/vuexy-html-bootstrap-admin-template/app-assets/images/icons/icloud-1.png]
[pixinvent.com/demo/vuexy-html-bootstrap-admin-template/app-assets/images/icons/txt.png]
[pixinvent.com/demo/vuexy-html-bootstrap-admin-template/app-assets/images/icons/json.png]
[pixinvent.com/demo/vuexy-html-bootstrap-admin-template/app-assets/images/icons/js.png]
[pixinvent.com/demo/vuexy-html-bootstrap-admin-template/app-assets/vendors/js/extensions/jstree.min.js]
[pixinvent.com/demo/vuexy-html-bootstrap-admin-template/html/ltr/vertical-menu-template/app-file-manager.html]
[pixinvent.com/demo/vuexy-html-bootstrap-admin-template/app-assets/js/scripts/pages/app-file-manager.min.js]
[pixinvent.com/demo/vuexy-html-bootstrap-admin-template/app-assets/vendors/css/tables/datatable/dataTables.bootstrap4.min.css]
[pixinvent.com/demo/vuexy-html-bootstrap-admin-template/app-assets/vendors/css/tables/datatable/responsive.bootstrap4.min.css]
[pixinvent.com/demo/vuexy-html-bootstrap-admin-template/app-assets/vendors/css/tables/datatable/buttons.bootstrap4.min.css]
[pixinvent.com/demo/vuexy-html-bootstrap-admin-template/app-assets/css/pages/app-invoice-list.min.css]
[pixinvent.com/demo/vuexy-html-bootstrap-admin-template/app-assets/css/pages/app-user.min.css]
[pixinvent.com/demo/vuexy-html-bootstrap-admin-template/app-assets/images/avatars/7.png]
[pixinvent.com/demo/vuexy-html-bootstrap-admin-template/app-assets/images/icons/file-icons/pdf.png]
[pixinvent.com/demo/vuexy-html-bootstrap-admin-template/app-assets/vendors/js/tables/datatable/jquery.dataTables.min.js]
[pixinvent.com/demo/vuexy-html-bootstrap-admin-template/app-assets/vendors/js/tables/datatable/datatables.bootstrap4.min.js]
[pixinvent.com/demo/vuexy-html-bootstrap-admin-template/app-assets/vendors/js/tables/datatable/dataTables.responsive.min.js]
[pixinvent.com/demo/vuexy-html-bootstrap-admin-template/app-assets/vendors/js/tables/datatable/responsive.bootstrap4.js]
[pixinvent.com/demo/vuexy-html-bootstrap-admin-template/app-assets/vendors/js/tables/datatable/datatables.buttons.min.js]
[pixinvent.com/demo/vuexy-html-bootstrap-admin-template/app-assets/vendors/js/tables/datatable/buttons.bootstrap4.min.js]
[pixinvent.com/demo/vuexy-html-bootstrap-admin-template/html/ltr/vertical-menu-template/app-user-view.html]
[pixinvent.com/demo/vuexy-html-bootstrap-admin-template/app-assets/js/scripts/pages/app-user-view.min.js]
[pixinvent.com/demo/vuexy-html-bootstrap-admin-template/app-assets/vendors/css/tables/datatable/datatables.min.css]
[pixinvent.com/demo/vuexy-html-bootstrap-admin-template/app-assets/vendors/css/tables/datatable/responsive.bootstrap.min.css]
[pixinvent.com/demo/vuexy-html-bootstrap-admin-template/app-assets/images/elements/decore-left.png]
[pixinvent.com/demo/vuexy-html-bootstrap-admin-template/app-assets/images/elements/decore-right.png]
[pixinvent.com/demo/vuexy-html-bootstrap-admin-template/app-assets/vendors/js/tables/datatable/datatables.min.js]
[pixinvent.com/demo/vuexy-html-bootstrap-admin-template/app-assets/vendors/js/tables/datatable/responsive.bootstrap.min.js]
[pixinvent.com/demo/vuexy-html-bootstrap-admin-template/app-assets/js/scripts/pages/dashboard-analytics.min.js]
[pixinvent.com/demo/vuexy-html-bootstrap-admin-template/html/ltr/vertical-menu-template/dashboard-analytics.html]
[pixinvent.com/demo/vuexy-html-bootstrap-admin-template/html/ltr/vertical-menu-template/dashboard-ecommerce.html]
[pixinvent.com/demo/vuexy-html-bootstrap-admin-template/app-assets/js/scripts/pages/app-invoice-list.min.js]
[pixinvent.com/demo/vuexy-html-bootstrap-admin-template/app-assets/vendors/css/jkanban/jkanban.min.css]
[pixinvent.com/demo/vuexy-html-bootstrap-admin-template/app-assets/vendors/css/editors/quill/quill.bubble.css]
[pixinvent.com/demo/vuexy-html-bootstrap-admin-template/app-assets/css/pages/app-kanban.css]
[pixinvent.com/demo/vuexy-html-bootstrap-admin-template/app-assets/vendors/js/jkanban/jkanban.min.js]
[pixinvent.com/demo/vuexy-html-bootstrap-admin-template/html/ltr/vertical-menu-template/app-kanban.html]
[pixinvent.com/demo/vuexy-html-bootstrap-admin-template/app-assets/js/scripts/pages/app-kanban.js]
[pixinvent.com/demo/vuexy-html-bootstrap-admin-template/app-assets/vendors/css/tables/datatable/extensions/dataTables.checkboxes.css]
[pixinvent.com/demo/vuexy-html-bootstrap-admin-template/html/ltr/vertical-menu-template/app-invoice-list.html]
[pixinvent.com/demo/vuexy-html-bootstrap-admin-template/app-assets/vendors/js/tables/datatable/datatables.checkboxes.min.js]
[pixinvent.com/demo/vuexy-html-bootstrap-admin-template/app-assets/css/pages/app-invoice.min.css]
[pixinvent.com/demo/vuexy-html-bootstrap-admin-template/html/ltr/vertical-menu-template/app-invoice-print.html]
[pixinvent.com/demo/vuexy-html-bootstrap-admin-template/app-assets/vendors/js/forms/repeater/jquery.repeater.min.js]
[pixinvent.com/demo/vuexy-html-bootstrap-admin-template/html/ltr/vertical-menu-template/app-invoice-preview.html]
[pixinvent.com/demo/vuexy-html-bootstrap-admin-template/html/ltr/vertical-menu-template/app-invoice-edit.html]
[pixinvent.com/demo/vuexy-html-bootstrap-admin-template/html/ltr/vertical-menu-template/app-invoice-add.html]
[pixinvent.com/demo/vuexy-html-bootstrap-admin-template/app-assets/js/scripts/pages/app-invoice.min.js]
[pixinvent.com/demo/vuexy-html-bootstrap-admin-template/app-assets/vendors/css/extensions/nouislider.min.css]
[pixinvent.com/demo/vuexy-html-bootstrap-admin-template/app-assets/css/plugins/extensions/ext-component-sliders.min.css]
[pixinvent.com/demo/vuexy-html-bootstrap-admin-template/app-assets/images/pages/eCommerce/8.png]
[pixinvent.com/demo/vuexy-html-bootstrap-admin-template/app-assets/images/pages/eCommerce/9.png]
[pixinvent.com/demo/vuexy-html-bootstrap-admin-template/app-assets/vendors/js/extensions/wNumb.min.js]
[pixinvent.com/demo/vuexy-html-bootstrap-admin-template/app-assets/vendors/js/extensions/nouislider.min.js]
[pixinvent.com/demo/vuexy-html-bootstrap-admin-template/html/ltr/vertical-menu-template/app-ecommerce-shop.html]
[pixinvent.com/demo/vuexy-html-bootstrap-admin-template/app-assets/js/scripts/pages/app-ecommerce.min.js]
[pixinvent.com/demo/vuexy-html-bootstrap-admin-template/html/ltr/vertical-menu-template/app-ecommerce-wishlist.html]
[pixinvent.com/demo/vuexy-html-bootstrap-admin-template/app-assets/js/scripts/pages/app-ecommerce-wishlist.min.js]
[pixinvent.com/demo/vuexy-html-bootstrap-admin-template/html/ltr/vertical-menu-template/app-user-list.html]
[pixinvent.com/demo/vuexy-html-bootstrap-admin-template/app-assets/js/scripts/pages/app-user-list.min.js]
[pixinvent.com/demo/vuexy-html-bootstrap-admin-template/app-assets/js/scripts/pages/app-user-edit.min.js]
[pixinvent.com/demo/vuexy-html-bootstrap-admin-template/app-assets/js/scripts/components/components-navs.min.js]
[pixinvent.com/demo/vuexy-html-bootstrap-admin-template/html/ltr/vertical-menu-template/app-user-edit.html]
[pixinvent.com/demo/vuexy-html-bootstrap-admin-template/html/ltr/vertical-menu-template/page-auth-login-v1.html]
[pixinvent.com/demo/vuexy-html-bootstrap-admin-template/app-assets/js/scripts/pages/page-auth-register.min.js]
[pixinvent.com/demo/vuexy-html-bootstrap-admin-template/html/ltr/vertical-menu-template/page-auth-register-v1.html]
[pixinvent.com/demo/vuexy-html-bootstrap-admin-template/html/ltr/vertical-menu-template/page-auth-register-v2.html]
[pixinvent.com/demo/vuexy-html-bootstrap-admin-template/app-assets/js/scripts/pages/page-auth-forgot-password.min.js]
[pixinvent.com/demo/vuexy-html-bootstrap-admin-template/html/ltr/vertical-menu-template/page-auth-forgot-password-v1.html]
[pixinvent.com/demo/vuexy-html-bootstrap-admin-template/html/ltr/vertical-menu-template/page-auth-forgot-password-v2.html]
[pixinvent.com/demo/vuexy-html-bootstrap-admin-template/app-assets/js/scripts/pages/page-auth-reset-password.min.js]
[pixinvent.com/demo/vuexy-html-bootstrap-admin-template/html/ltr/vertical-menu-template/page-auth-reset-password-v1.html]
[pixinvent.com/demo/vuexy-html-bootstrap-admin-template/html/ltr/vertical-menu-template/page-auth-reset-password-v2.html]
[pixinvent.com/demo/vuexy-html-bootstrap-admin-template/app-assets/css/pages/page-knowledge-base.min.css]
[pixinvent.com/demo/vuexy-html-bootstrap-admin-template/html/ltr/vertical-menu-template/page-kb-category.html]
[pixinvent.com/demo/vuexy-html-bootstrap-admin-template/html/ltr/vertical-menu-template/page-knowledge-base.html]
[pixinvent.com/demo/vuexy-html-bootstrap-admin-template/app-assets/js/scripts/pages/page-knowledge-base.min.js]
[pixinvent.com/demo/vuexy-html-bootstrap-admin-template/app-assets/css/pages/page-blog.min.css]
[pixinvent.com/demo/vuexy-html-bootstrap-admin-template/app-assets/images/slider/02.jpg]
[pixinvent.com/demo/vuexy-html-bootstrap-admin-template/app-assets/images/slider/06.jpg]
[pixinvent.com/demo/vuexy-html-bootstrap-admin-template/app-assets/images/slider/04.jpg]
[pixinvent.com/demo/vuexy-html-bootstrap-admin-template/app-assets/images/slider/03.jpg]
[pixinvent.com/demo/vuexy-html-bootstrap-admin-template/app-assets/images/slider/09.jpg]
[pixinvent.com/demo/vuexy-html-bootstrap-admin-template/app-assets/images/slider/10.jpg]
[pixinvent.com/demo/vuexy-html-bootstrap-admin-template/app-assets/images/banner/banner-22.jpg]
[pixinvent.com/demo/vuexy-html-bootstrap-admin-template/app-assets/images/banner/banner-27.jpg]
[pixinvent.com/demo/vuexy-html-bootstrap-admin-template/app-assets/images/banner/banner-39.jpg]
[pixinvent.com/demo/vuexy-html-bootstrap-admin-template/app-assets/images/banner/banner-35.jpg]
[pixinvent.com/demo/vuexy-html-bootstrap-admin-template/html/ltr/vertical-menu-template/page-blog-list.html]
[pixinvent.com/demo/vuexy-html-bootstrap-admin-template/app-assets/images/banner/banner-12.jpg]
[pixinvent.com/demo/vuexy-html-bootstrap-admin-template/html/ltr/vertical-menu-template/page-blog-detail.html]
[pixinvent.com/demo/vuexy-html-bootstrap-admin-template/html/ltr/vertical-menu-template/page-blog-edit.html]
[pixinvent.com/demo/vuexy-html-bootstrap-admin-template/app-assets/js/scripts/pages/page-blog-edit.min.js]
[pixinvent.com/demo/vuexy-html-bootstrap-admin-template/html/ltr/vertical-menu-template/page-misc-coming-soon.html]
[pixinvent.com/demo/vuexy-html-bootstrap-admin-template/html/ltr/vertical-menu-template/page-misc-not-authorized.html]
[pixinvent.com/demo/vuexy-html-bootstrap-admin-template/html/ltr/vertical-menu-template/page-misc-under-maintenance.html]
[pixinvent.com/demo/vuexy-html-bootstrap-admin-template/html/ltr/vertical-menu-template/page-misc-error.html]
[pixinvent.com/demo/vuexy-html-bootstrap-admin-template/html/ltr/vertical-menu-template/ui-typography.html]
[pixinvent.com/demo/vuexy-html-bootstrap-admin-template/app-assets/css/pages/page-misc.min.css]
[pixinvent.com/demo/vuexy-html-bootstrap-admin-template/html/ltr/vertical-menu-template/ui-colors.html]
[pixinvent.com/demo/vuexy-html-bootstrap-admin-template/app-assets/css/pages/ui-feather.min.css]
[pixinvent.com/demo/vuexy-html-bootstrap-admin-template/html/ltr/vertical-menu-template/ui-feather.html]
[pixinvent.com/demo/vuexy-html-bootstrap-admin-template/app-assets/js/scripts/ui/ui-feather.min.js]
[pixinvent.com/demo/vuexy-html-bootstrap-admin-template/app-assets/images/slider/01.jpg]
[pixinvent.com/demo/vuexy-html-bootstrap-admin-template/html/ltr/vertical-menu-template/card-basic.html]
[pixinvent.com/demo/vuexy-html-bootstrap-admin-template/app-assets/images/slider/05.jpg]
[pixinvent.com/demo/vuexy-html-bootstrap-admin-template/app-assets/images/portrait/small/avatar-s-16.jpg]
[pixinvent.com/demo/vuexy-html-bootstrap-admin-template/html/ltr/vertical-menu-template/card-advance.html]
[pixinvent.com/demo/vuexy-html-bootstrap-admin-template/app-assets/js/scripts/cards/card-advance.min.js]
[pixinvent.com/demo/vuexy-html-bootstrap-admin-template/html/ltr/vertical-menu-template/card-statistics.html]
[pixinvent.com/demo/vuexy-html-bootstrap-admin-template/app-assets/js/scripts/cards/card-statistics.min.js]
[pixinvent.com/demo/vuexy-html-bootstrap-admin-template/html/ltr/vertical-menu-template/card-analytics.html]
[pixinvent.com/demo/vuexy-html-bootstrap-admin-template/html/ltr/vertical-menu-template/card-actions.html]
[pixinvent.com/demo/vuexy-html-bootstrap-admin-template/app-assets/js/scripts/cards/card-analytics.min.js]
[pixinvent.com/demo/vuexy-html-bootstrap-admin-template/app-assets/js/scripts/components/components-alerts.min.js]
[pixinvent.com/demo/vuexy-html-bootstrap-admin-template/html/ltr/vertical-menu-template/component-alerts.html]
[pixinvent.com/demo/vuexy-html-bootstrap-admin-template/html/ltr/vertical-menu-template/component-avatar.html]
[pixinvent.com/demo/vuexy-html-bootstrap-admin-template/html/ltr/vertical-menu-template/component-badges.html]
[pixinvent.com/demo/vuexy-html-bootstrap-admin-template/html/ltr/vertical-menu-template/component-breadcrumbs.html]
[pixinvent.com/demo/vuexy-html-bootstrap-admin-template/html/ltr/vertical-menu-template/component-buttons.html]
[pixinvent.com/demo/vuexy-html-bootstrap-admin-template/app-assets/images/slider/08.jpg]
[pixinvent.com/demo/vuexy-html-bootstrap-admin-template/html/ltr/vertical-menu-template/component-carousel.html]
[pixinvent.com/demo/vuexy-html-bootstrap-admin-template/html/ltr/vertical-menu-template/component-collapse.html]
[pixinvent.com/demo/vuexy-html-bootstrap-admin-template/html/ltr/vertical-menu-template/component-divider.html]
[pixinvent.com/demo/vuexy-html-bootstrap-admin-template/app-assets/js/scripts/components/components-collapse.min.js]
[pixinvent.com/demo/vuexy-html-bootstrap-admin-template/html/ltr/vertical-menu-template/component-dropdowns.html]
[pixinvent.com/demo/vuexy-html-bootstrap-admin-template/html/ltr/vertical-menu-template/component-list-group.html]
[pixinvent.com/demo/vuexy-html-bootstrap-admin-template/app-assets/js/scripts/components/components-dropdowns.min.js]
[pixinvent.com/demo/vuexy-html-bootstrap-admin-template/app-assets/images/portrait/small/avatar-s-23.jpg]
[pixinvent.com/demo/vuexy-html-bootstrap-admin-template/app-assets/images/portrait/small/avatar-s-21.jpg]
[pixinvent.com/demo/vuexy-html-bootstrap-admin-template/html/ltr/vertical-menu-template/component-media-objects.html]
[pixinvent.com/demo/vuexy-html-bootstrap-admin-template/html/ltr/vertical-menu-template/component-modals.html]
[pixinvent.com/demo/vuexy-html-bootstrap-admin-template/html/ltr/vertical-menu-template/component-navs-component.html]
[pixinvent.com/demo/vuexy-html-bootstrap-admin-template/app-assets/js/scripts/components/components-modals.min.js]
[pixinvent.com/demo/vuexy-html-bootstrap-admin-template/app-assets/vendors/js/pagination/jquery.bootpag.min.js]
[pixinvent.com/demo/vuexy-html-bootstrap-admin-template/app-assets/vendors/js/pagination/jquery.twbsPagination.min.js]
[pixinvent.com/demo/vuexy-html-bootstrap-admin-template/html/ltr/vertical-menu-template/component-pagination.html]
[pixinvent.com/demo/vuexy-html-bootstrap-admin-template/html/ltr/vertical-menu-template/component-pill-badges.html]
[pixinvent.com/demo/vuexy-html-bootstrap-admin-template/html/ltr/vertical-menu-template/component-pills-component.html]
[pixinvent.com/demo/vuexy-html-bootstrap-admin-template/app-assets/js/scripts/pagination/components-pagination.js]
[pixinvent.com/demo/vuexy-html-bootstrap-admin-template/html/ltr/vertical-menu-template/component-popovers.html]
[pixinvent.com/demo/vuexy-html-bootstrap-admin-template/html/ltr/vertical-menu-template/component-progress.html]
[pixinvent.com/demo/vuexy-html-bootstrap-admin-template/html/ltr/vertical-menu-template/component-spinner.html]
[pixinvent.com/demo/vuexy-html-bootstrap-admin-template/app-assets/js/scripts/components/components-popovers.min.js]
[pixinvent.com/demo/vuexy-html-bootstrap-admin-template/html/ltr/vertical-menu-template/component-tabs-component.html]
[pixinvent.com/demo/vuexy-html-bootstrap-admin-template/html/ltr/vertical-menu-template/component-timeline.html]
[pixinvent.com/demo/vuexy-html-bootstrap-admin-template/app-assets/images/logo/logo.png]
[pixinvent.com/demo/vuexy-html-bootstrap-admin-template/html/ltr/vertical-menu-template/component-bs-toast.html]
[pixinvent.com/demo/vuexy-html-bootstrap-admin-template/app-assets/js/scripts/components/components-bs-toast.min.js]
[pixinvent.com/demo/vuexy-html-bootstrap-admin-template/html/ltr/vertical-menu-template/component-tooltips.html]
[pixinvent.com/demo/vuexy-html-bootstrap-admin-template/app-assets/js/scripts/components/components-tooltips.min.js]
[pixinvent.com/demo/vuexy-html-bootstrap-admin-template/app-assets/vendors/css/animate/animate.min.css]
[pixinvent.com/demo/vuexy-html-bootstrap-admin-template/app-assets/vendors/css/extensions/sweetalert2.min.css]
[pixinvent.com/demo/vuexy-html-bootstrap-admin-template/app-assets/css/plugins/extensions/ext-component-sweet-alerts.min.css]
[pixinvent.com/demo/vuexy-html-bootstrap-admin-template/app-assets/vendors/js/extensions/sweetalert2.all.min.js]
[pixinvent.com/demo/vuexy-html-bootstrap-admin-template/app-assets/vendors/js/extensions/polyfill.min.js]
[pixinvent.com/demo/vuexy-html-bootstrap-admin-template/html/ltr/vertical-menu-template/ext-component-sweet-alerts.html]
[pixinvent.com/demo/vuexy-html-bootstrap-admin-template/app-assets/js/scripts/extensions/ext-component-sweet-alerts.min.js]
[pixinvent.com/demo/vuexy-html-bootstrap-admin-template/html/ltr/vertical-menu-template/ext-component-blockui.html]
[pixinvent.com/demo/vuexy-html-bootstrap-admin-template/app-assets/js/scripts/extensions/ext-component-blockui.js]
[pixinvent.com/demo/vuexy-html-bootstrap-admin-template/html/ltr/vertical-menu-template/ext-component-toastr.html]
[pixinvent.com/demo/vuexy-html-bootstrap-admin-template/app-assets/js/scripts/extensions/ext-component-toastr.min.js]
[pixinvent.com/demo/vuexy-html-bootstrap-admin-template/app-assets/css/core/colors/palette-noui.css]
[pixinvent.com/demo/vuexy-html-bootstrap-admin-template/html/ltr/vertical-menu-template/ext-component-sliders.html]
[pixinvent.com/demo/vuexy-html-bootstrap-admin-template/app-assets/js/scripts/extensions/ext-component-sliders.min.js]
[pixinvent.com/demo/vuexy-html-bootstrap-admin-template/app-assets/css/plugins/extensions/ext-component-drag-drop.min.css]
[pixinvent.com/demo/vuexy-html-bootstrap-admin-template/html/ltr/vertical-menu-template/ext-component-drag-drop.html]
[pixinvent.com/demo/vuexy-html-bootstrap-admin-template/app-assets/js/scripts/extensions/ext-component-drag-drop.min.js]
[pixinvent.com/demo/vuexy-html-bootstrap-admin-template/app-assets/vendors/css/extensions/tether-theme-arrows.css]
[pixinvent.com/demo/vuexy-html-bootstrap-admin-template/app-assets/vendors/css/extensions/shepherd.min.css]
[pixinvent.com/demo/vuexy-html-bootstrap-admin-template/app-assets/css/plugins/extensions/ext-component-tour.min.css]
[pixinvent.com/demo/vuexy-html-bootstrap-admin-template/app-assets/vendors/js/extensions/tether.min.js]
[pixinvent.com/demo/vuexy-html-bootstrap-admin-template/app-assets/vendors/js/extensions/shepherd.min.js]
[pixinvent.com/demo/vuexy-html-bootstrap-admin-template/html/ltr/vertical-menu-template/ext-component-tour.html]
[pixinvent.com/demo/vuexy-html-bootstrap-admin-template/app-assets/js/scripts/extensions/ext-component-tour.min.js]
[pixinvent.com/demo/vuexy-html-bootstrap-admin-template/app-assets/js/scripts/extensions/ext-component-clipboard.min.js]
[pixinvent.com/demo/vuexy-html-bootstrap-admin-template/html/ltr/vertical-menu-template/ext-component-clipboard.html]
[pixinvent.com/demo/vuexy-html-bootstrap-admin-template/app-assets/vendors/css/extensions/plyr.min.css]
[pixinvent.com/demo/vuexy-html-bootstrap-admin-template/app-assets/vendors/js/extensions/plyr.min.js]
[pixinvent.com/demo/vuexy-html-bootstrap-admin-template/app-assets/vendors/js/extensions/plyr.polyfilled.min.js]
[pixinvent.com/demo/vuexy-html-bootstrap-admin-template/app-assets/js/scripts/extensions/ext-component-media-player.min.js]
[pixinvent.com/demo/vuexy-html-bootstrap-admin-template/html/ltr/vertical-menu-template/ext-component-media-player.html]
[pixinvent.com/demo/vuexy-html-bootstrap-admin-template/app-assets/vendors/css/extensions/jquery.contextMenu.min.css]
[pixinvent.com/demo/vuexy-html-bootstrap-admin-template/app-assets/css/plugins/extensions/ext-component-context-menu.min.css]
[pixinvent.com/demo/vuexy-html-bootstrap-admin-template/app-assets/vendors/js/extensions/jquery.contextMenu.min.js]
[pixinvent.com/demo/vuexy-html-bootstrap-admin-template/app-assets/vendors/js/extensions/jquery.ui.position.min.js]
[pixinvent.com/demo/vuexy-html-bootstrap-admin-template/html/ltr/vertical-menu-template/ext-component-context-menu.html]
[pixinvent.com/demo/vuexy-html-bootstrap-admin-template/app-assets/js/scripts/extensions/ext-component-context-menu.min.js]
[pixinvent.com/demo/vuexy-html-bootstrap-admin-template/app-assets/css/plugins/extensions/ext-component-swiper.min.css]
[pixinvent.com/demo/vuexy-html-bootstrap-admin-template/app-assets/images/banner/banner-1.jpg]
[pixinvent.com/demo/vuexy-html-bootstrap-admin-template/app-assets/images/banner/banner-2.jpg]
[pixinvent.com/demo/vuexy-html-bootstrap-admin-template/app-assets/images/banner/banner-4.jpg]
[pixinvent.com/demo/vuexy-html-bootstrap-admin-template/app-assets/images/banner/banner-13.jpg]
[pixinvent.com/demo/vuexy-html-bootstrap-admin-template/app-assets/images/banner/banner-7.jpg]
[pixinvent.com/demo/vuexy-html-bootstrap-admin-template/app-assets/images/banner/banner-14.jpg]
[pixinvent.com/demo/vuexy-html-bootstrap-admin-template/app-assets/images/banner/banner-3.jpg]
[pixinvent.com/demo/vuexy-html-bootstrap-admin-template/app-assets/images/banner/banner-9.jpg]
[pixinvent.com/demo/vuexy-html-bootstrap-admin-template/app-assets/images/banner/banner-8.jpg]
[pixinvent.com/demo/vuexy-html-bootstrap-admin-template/app-assets/images/banner/banner-20.jpg]
[pixinvent.com/demo/vuexy-html-bootstrap-admin-template/app-assets/images/banner/banner-5.jpg]
[pixinvent.com/demo/vuexy-html-bootstrap-admin-template/app-assets/images/banner/banner-31.jpg]
[pixinvent.com/demo/vuexy-html-bootstrap-admin-template/app-assets/images/banner/banner-32.jpg]
[pixinvent.com/demo/vuexy-html-bootstrap-admin-template/app-assets/images/banner/banner-33.jpg]
[pixinvent.com/demo/vuexy-html-bootstrap-admin-template/app-assets/images/banner/banner-34.jpg]
[pixinvent.com/demo/vuexy-html-bootstrap-admin-template/app-assets/images/banner/banner-26.jpg]
[pixinvent.com/demo/vuexy-html-bootstrap-admin-template/app-assets/images/banner/banner-28.jpg]
[pixinvent.com/demo/vuexy-html-bootstrap-admin-template/app-assets/images/banner/banner-29.jpg]
[pixinvent.com/demo/vuexy-html-bootstrap-admin-template/app-assets/images/banner/banner-30.jpg]
[pixinvent.com/demo/vuexy-html-bootstrap-admin-template/app-assets/images/banner/banner-19.jpg]
[pixinvent.com/demo/vuexy-html-bootstrap-admin-template/app-assets/images/banner/banner-18.jpg]
[pixinvent.com/demo/vuexy-html-bootstrap-admin-template/app-assets/images/banner/banner-17.jpg]
[pixinvent.com/demo/vuexy-html-bootstrap-admin-template/app-assets/images/banner/banner-16.jpg]
[pixinvent.com/demo/vuexy-html-bootstrap-admin-template/app-assets/images/banner/banner-21.jpg]
[pixinvent.com/demo/vuexy-html-bootstrap-admin-template/app-assets/images/banner/banner-23.jpg]
[pixinvent.com/demo/vuexy-html-bootstrap-admin-template/app-assets/images/banner/banner-24.jpg]
[pixinvent.com/demo/vuexy-html-bootstrap-admin-template/app-assets/images/banner/banner-38.jpg]
[pixinvent.com/demo/vuexy-html-bootstrap-admin-template/app-assets/images/banner/banner-37.jpg]
[pixinvent.com/demo/vuexy-html-bootstrap-admin-template/app-assets/images/banner/banner-36.jpg]
[pixinvent.com/demo/vuexy-html-bootstrap-admin-template/app-assets/images/banner/banner-10.jpg]
[pixinvent.com/demo/vuexy-html-bootstrap-admin-template/app-assets/images/banner/banner-11.jpg]
[pixinvent.com/demo/vuexy-html-bootstrap-admin-template/app-assets/images/banner/banner-15.jpg]
[pixinvent.com/demo/vuexy-html-bootstrap-admin-template/app-assets/images/banner/parallax-4.jpg]
[pixinvent.com/demo/vuexy-html-bootstrap-admin-template/html/ltr/vertical-menu-template/ext-component-swiper.html]
[pixinvent.com/demo/vuexy-html-bootstrap-admin-template/app-assets/js/scripts/extensions/ext-component-swiper.min.js]
[pixinvent.com/demo/vuexy-html-bootstrap-admin-template/html/ltr/vertical-menu-template/ext-component-tree.html]
[pixinvent.com/demo/vuexy-html-bootstrap-admin-template/app-assets/js/scripts/extensions/ext-component-tree.min.js]
[pixinvent.com/demo/vuexy-html-bootstrap-admin-template/app-assets/vendors/css/extensions/jquery.rateyo.min.css]
[pixinvent.com/demo/vuexy-html-bootstrap-admin-template/app-assets/css/plugins/extensions/ext-component-ratings.min.css]
[pixinvent.com/demo/vuexy-html-bootstrap-admin-template/app-assets/vendors/js/extensions/jquery.rateyo.min.js]
[pixinvent.com/demo/vuexy-html-bootstrap-admin-template/html/ltr/vertical-menu-template/ext-component-ratings.html]
[pixinvent.com/demo/vuexy-html-bootstrap-admin-template/app-assets/js/scripts/extensions/ext-component-ratings.min.js]
[pixinvent.com/demo/vuexy-html-bootstrap-admin-template/html/ltr/vertical-menu-template/ext-component-i18n.html]
[pixinvent.com/demo/vuexy-html-bootstrap-admin-template/html/ltr/vertical-menu-template/layout-collapsed-menu.html]
[pixinvent.com/demo/vuexy-html-bootstrap-admin-template/html/ltr/vertical-menu-template/layout-boxed.html]
[pixinvent.com/demo/vuexy-html-bootstrap-admin-template/html/ltr/vertical-menu-template/layout-without-menu.html]
[pixinvent.com/demo/vuexy-html-bootstrap-admin-template/html/ltr/vertical-menu-template/layout-empty.html]
[pixinvent.com/demo/vuexy-html-bootstrap-admin-template/html/ltr/vertical-menu-template/layout-blank.html]
[pixinvent.com/demo/vuexy-html-bootstrap-admin-template/app-assets/js/scripts/extensions/ext-component-i18n.js]
[pixinvent.com/demo/vuexy-html-bootstrap-admin-template/app-assets/js/scripts/forms/form-tooltip-valid.min.js]
[pixinvent.com/demo/vuexy-html-bootstrap-admin-template/html/ltr/vertical-menu-template/form-input.html]
[pixinvent.com/demo/vuexy-html-bootstrap-admin-template/html/ltr/vertical-menu-template/form-input-groups.html]
[pixinvent.com/demo/vuexy-html-bootstrap-admin-template/app-assets/vendors/js/forms/cleave/cleave.min.js]
[pixinvent.com/demo/vuexy-html-bootstrap-admin-template/app-assets/vendors/js/forms/cleave/addons/cleave-phone.us.js]
[pixinvent.com/demo/vuexy-html-bootstrap-admin-template/html/ltr/vertical-menu-template/form-input-mask.html]
[pixinvent.com/demo/vuexy-html-bootstrap-admin-template/html/ltr/vertical-menu-template/form-textarea.html]
[pixinvent.com/demo/vuexy-html-bootstrap-admin-template/html/ltr/vertical-menu-template/form-checkbox.html]
[pixinvent.com/demo/vuexy-html-bootstrap-admin-template/html/ltr/vertical-menu-template/form-radio.html]
[pixinvent.com/demo/vuexy-html-bootstrap-admin-template/html/ltr/vertical-menu-template/form-switch.html]
[pixinvent.com/demo/vuexy-html-bootstrap-admin-template/app-assets/js/scripts/forms/form-input-mask.min.js]
[pixinvent.com/demo/vuexy-html-bootstrap-admin-template/html/ltr/vertical-menu-template/form-select.html]
[pixinvent.com/demo/vuexy-html-bootstrap-admin-template/html/ltr/vertical-menu-template/form-number-input.html]
[pixinvent.com/demo/vuexy-html-bootstrap-admin-template/app-assets/js/scripts/forms/form-select2.min.js]
[pixinvent.com/demo/vuexy-html-bootstrap-admin-template/app-assets/vendors/css/file-uploaders/dropzone.min.css]
[pixinvent.com/demo/vuexy-html-bootstrap-admin-template/app-assets/css/plugins/forms/form-file-uploader.min.css]
[pixinvent.com/demo/vuexy-html-bootstrap-admin-template/html/ltr/vertical-menu-template/form-file-uploader.html]
[pixinvent.com/demo/vuexy-html-bootstrap-admin-template/app-assets/js/scripts/forms/form-file-uploader.min.js]
[pixinvent.com/demo/vuexy-html-bootstrap-admin-template/html/ltr/vertical-menu-template/form-quill-editor.html]
[pixinvent.com/demo/vuexy-html-bootstrap-admin-template/app-assets/js/scripts/forms/form-quill-editor.min.js]
[pixinvent.com/demo/vuexy-html-bootstrap-admin-template/app-assets/vendors/css/pickers/pickadate/pickadate.css]
[pixinvent.com/demo/vuexy-html-bootstrap-admin-template/app-assets/vendors/js/pickers/pickadate/picker.js]
[pixinvent.com/demo/vuexy-html-bootstrap-admin-template/app-assets/vendors/js/pickers/pickadate/picker.date.js]
[pixinvent.com/demo/vuexy-html-bootstrap-admin-template/app-assets/vendors/js/pickers/pickadate/picker.time.js]
[pixinvent.com/demo/vuexy-html-bootstrap-admin-template/app-assets/vendors/js/pickers/pickadate/legacy.js]
[pixinvent.com/demo/vuexy-html-bootstrap-admin-template/html/ltr/vertical-menu-template/form-date-time-picker.html]
[pixinvent.com/demo/vuexy-html-bootstrap-admin-template/html/ltr/vertical-menu-template/form-layout.html]
[pixinvent.com/demo/vuexy-html-bootstrap-admin-template/app-assets/js/scripts/forms/pickers/form-pickers.min.js]
[pixinvent.com/demo/vuexy-html-bootstrap-admin-template/html/ltr/vertical-menu-template/form-wizard.html]
[pixinvent.com/demo/vuexy-html-bootstrap-admin-template/app-assets/js/scripts/forms/form-wizard.min.js]
[pixinvent.com/demo/vuexy-html-bootstrap-admin-template/html/ltr/vertical-menu-template/form-validation.html]
[pixinvent.com/demo/vuexy-html-bootstrap-admin-template/app-assets/js/scripts/forms/form-validation.js]
[pixinvent.com/demo/vuexy-html-bootstrap-admin-template/html/ltr/vertical-menu-template/form-repeater.html]
[pixinvent.com/demo/vuexy-html-bootstrap-admin-template/html/ltr/vertical-menu-template/table-bootstrap.html]
[pixinvent.com/demo/vuexy-html-bootstrap-admin-template/app-assets/js/scripts/forms/form-repeater.min.js]
[pixinvent.com/demo/vuexy-html-bootstrap-admin-template/app-assets/vendors/css/tables/datatable/rowGroup.bootstrap4.min.css]
[pixinvent.com/demo/vuexy-html-bootstrap-admin-template/app-assets/vendors/js/tables/datatable/jszip.min.js]
[pixinvent.com/demo/vuexy-html-bootstrap-admin-template/app-assets/vendors/js/tables/datatable/pdfmake.min.js]
[pixinvent.com/demo/vuexy-html-bootstrap-admin-template/app-assets/vendors/js/tables/datatable/vfs_fonts.js]
[pixinvent.com/demo/vuexy-html-bootstrap-admin-template/app-assets/vendors/js/tables/datatable/buttons.html5.min.js]
[pixinvent.com/demo/vuexy-html-bootstrap-admin-template/app-assets/vendors/js/tables/datatable/buttons.print.min.js]
[pixinvent.com/demo/vuexy-html-bootstrap-admin-template/app-assets/vendors/js/tables/datatable/dataTables.rowGroup.min.js]
[pixinvent.com/demo/vuexy-html-bootstrap-admin-template/html/ltr/vertical-menu-template/table-datatable-basic.html]
[pixinvent.com/demo/vuexy-html-bootstrap-admin-template/app-assets/js/scripts/tables/table-datatables-basic.min.js]
[pixinvent.com/demo/vuexy-html-bootstrap-admin-template/html/ltr/vertical-menu-template/table-datatable-advanced.html]
[pixinvent.com/demo/vuexy-html-bootstrap-admin-template/app-assets/js/scripts/tables/table-datatables-advanced.min.js]
[pixinvent.com/demo/vuexy-html-bootstrap-admin-template/app-assets/vendors/css/tables/ag-grid/ag-grid.css]
[pixinvent.com/demo/vuexy-html-bootstrap-admin-template/app-assets/vendors/css/tables/ag-grid/ag-theme-material.css]
[pixinvent.com/demo/vuexy-html-bootstrap-admin-template/app-assets/css/plugins/tables/table-ag-grid.min.css]
[pixinvent.com/demo/vuexy-html-bootstrap-admin-template/app-assets/vendors/js/tables/ag-grid/ag-grid-community.min.noStyle.js]
[pixinvent.com/demo/vuexy-html-bootstrap-admin-template/html/ltr/vertical-menu-template/table-ag-grid.html]
[pixinvent.com/demo/vuexy-html-bootstrap-admin-template/app-assets/js/scripts/tables/table-ag-grid.min.js]
[pixinvent.com/demo/vuexy-html-bootstrap-admin-template/html/ltr/vertical-menu-template/chart-apex.html]
[pixinvent.com/demo/vuexy-html-bootstrap-admin-template/app-assets/js/scripts/charts/chart-apex.min.js]
[pixinvent.com/demo/vuexy-html-bootstrap-admin-template/app-assets/vendors/js/charts/chart.min.js]
[pixinvent.com/demo/vuexy-html-bootstrap-admin-template/html/ltr/vertical-menu-template/chart-chartjs.html]
[pixinvent.com/demo/vuexy-html-bootstrap-admin-template/app-assets/js/scripts/charts/chart-chartjs.min.js]
[pixinvent.com/demo/vuexy-html-bootstrap-admin-template/app-assets/vendors/css/maps/leaflet.min.css]
[pixinvent.com/demo/vuexy-html-bootstrap-admin-template/app-assets/css/plugins/maps/map-leaflet.min.css]
[pixinvent.com/demo/vuexy-html-bootstrap-admin-template/app-assets/vendors/js/maps/leaflet.min.js]
[pixinvent.com/demo/vuexy-html-bootstrap-admin-template/html/ltr/vertical-menu-template/maps-leaflet.html]
[pixinvent.com/demo/vuexy-html-bootstrap-admin-template/app-assets/js/scripts/maps/map-leaflet.min.js]
[pixinvent.com/demo/vuexy-html-bootstrap-admin-template/app-assets/vendors/css/editors/quill/fonts/KaTeX_Main-Regular.woff2]
[pixinvent.com/demo/vuexy-html-bootstrap-admin-template/app-assets/vendors/css/editors/quill/fonts/KaTeX_Math-Italic.woff2]
[pixinvent.com/demo/vuexy-html-bootstrap-admin-template/app-assets/vendors/css/editors/quill/katex.min.css]
[pixinvent.com/demo/vuexy-html-bootstrap-admin-template/app-assets/vendors/css/editors/quill/monokai-sublime.min.css]
[pixinvent.com/demo/vuexy-html-bootstrap-admin-template/app-assets/vendors/css/editors/quill/quill.snow.css]
[pixinvent.com/demo/vuexy-html-bootstrap-admin-template/app-assets/vendors/css/forms/select/select2.min.css]
[pixinvent.com/demo/vuexy-html-bootstrap-admin-template/app-assets/css/plugins/forms/form-quill-editor.min.css]
[pixinvent.com/demo/vuexy-html-bootstrap-admin-template/app-assets/css/pages/app-email.min.css]
[pixinvent.com/demo/vuexy-html-bootstrap-admin-template/app-assets/css/pages/app-chat.min.css]
[pixinvent.com/demo/vuexy-html-bootstrap-admin-template/app-assets/css/pages/app-chat-list.min.css]
[pixinvent.com/demo/vuexy-html-bootstrap-admin-template/app-assets/vendors/css/calendars/fullcalendar.min.css]
[pixinvent.com/demo/vuexy-html-bootstrap-admin-template/app-assets/vendors/css/pickers/flatpickr/flatpickr.min.css]
[pixinvent.com/demo/vuexy-html-bootstrap-admin-template/app-assets/css/plugins/forms/pickers/form-flat-pickr.min.css]
[pixinvent.com/demo/vuexy-html-bootstrap-admin-template/app-assets/css/pages/app-calendar.min.css]
[pixinvent.com/demo/vuexy-html-bootstrap-admin-template/app-assets/css/plugins/forms/form-validation.css]
[pixinvent.com/demo/vuexy-html-bootstrap-admin-template/app-assets/vendors/css/extensions/dragula.min.css]
[pixinvent.com/demo/vuexy-html-bootstrap-admin-template/app-assets/css/pages/app-todo.min.css]
[pixinvent.com/demo/vuexy-html-bootstrap-admin-template/app-assets/vendors/css/forms/spinner/jquery.bootstrap-touchspin.css]
[pixinvent.com/demo/vuexy-html-bootstrap-admin-template/app-assets/vendors/css/extensions/swiper.min.css]
[pixinvent.com/demo/vuexy-html-bootstrap-admin-template/app-assets/css/pages/app-ecommerce-details.min.css]
[pixinvent.com/demo/vuexy-html-bootstrap-admin-template/app-assets/css/plugins/forms/form-number-input.min.css]
[pixinvent.com/demo/vuexy-html-bootstrap-admin-template/app-assets/vendors/css/forms/wizard/bs-stepper.min.css]
[pixinvent.com/demo/vuexy-html-bootstrap-admin-template/app-assets/css/pages/app-ecommerce.min.css]
[pixinvent.com/demo/vuexy-html-bootstrap-admin-template/app-assets/css/plugins/forms/pickers/form-pickadate.min.css]
[pixinvent.com/demo/vuexy-html-bootstrap-admin-template/app-assets/css/plugins/forms/form-wizard.min.css]
[pixinvent.com/demo/vuexy-html-bootstrap-admin-template/app-assets/css/pages/page-profile.min.css]
[pixinvent.com/demo/vuexy-html-bootstrap-admin-template/app-assets/css/pages/page-pricing.min.css]
[pixinvent.com/demo/vuexy-html-bootstrap-admin-template/app-assets/css/pages/page-faq.min.css]
[pixinvent.com/demo/vuexy-html-bootstrap-admin-template/app-assets/css/pages/page-auth.min.css]
[pixinvent.com/demo/vuexy-html-bootstrap-admin-template/app-assets/fonts/font-awesome/css/font-awesome.min.css]
[pixinvent.com/demo/vuexy-html-bootstrap-admin-template/app-assets/vendors/css/extensions/jstree.min.css]
[pixinvent.com/demo/vuexy-html-bootstrap-admin-template/app-assets/css/plugins/extensions/ext-component-tree.min.css]
[pixinvent.com/demo/vuexy-html-bootstrap-admin-template/app-assets/css/pages/app-file-manager.min.css]
[pixinvent.com/demo/vuexy-html-bootstrap-admin-template/app-assets/vendors/css/tables/datatable/dataTables.bootstrap4.min.css]
[pixinvent.com/demo/vuexy-html-bootstrap-admin-template/app-assets/vendors/css/tables/datatable/responsive.bootstrap4.min.css]
[pixinvent.com/demo/vuexy-html-bootstrap-admin-template/app-assets/vendors/css/tables/datatable/buttons.bootstrap4.min.css]
[pixinvent.com/demo/vuexy-html-bootstrap-admin-template/app-assets/css/pages/app-invoice-list.min.css]
[pixinvent.com/demo/vuexy-html-bootstrap-admin-template/app-assets/css/pages/app-user.min.css]
[pixinvent.com/demo/vuexy-html-bootstrap-admin-template/app-assets/vendors/css/tables/datatable/datatables.min.css]
[pixinvent.com/demo/vuexy-html-bootstrap-admin-template/app-assets/vendors/css/tables/datatable/responsive.bootstrap.min.css]
[pixinvent.com/demo/vuexy-html-bootstrap-admin-template/app-assets/vendors/css/jkanban/jkanban.min.css]
[pixinvent.com/demo/vuexy-html-bootstrap-admin-template/app-assets/vendors/css/editors/quill/quill.bubble.css]
[pixinvent.com/demo/vuexy-html-bootstrap-admin-template/app-assets/css/pages/app-kanban.css]
[pixinvent.com/demo/vuexy-html-bootstrap-admin-template/app-assets/vendors/css/tables/datatable/extensions/dataTables.checkboxes.css]
[pixinvent.com/demo/vuexy-html-bootstrap-admin-template/app-assets/css/pages/app-invoice.min.css]
[pixinvent.com/demo/vuexy-html-bootstrap-admin-template/app-assets/css/pages/app-invoice-print.min.css]
[pixinvent.com/demo/vuexy-html-bootstrap-admin-template/app-assets/js/scripts/pages/app-invoice-print.min.js]
[pixinvent.com/demo/vuexy-html-bootstrap-admin-template/html/ltr/vertical-menu-template/app-invoice-print.html]
[pixinvent.com/demo/vuexy-html-bootstrap-admin-template/app-assets/vendors/css/extensions/nouislider.min.css]
[pixinvent.com/demo/vuexy-html-bootstrap-admin-template/app-assets/css/plugins/extensions/ext-component-sliders.min.css]
[pixinvent.com/demo/vuexy-html-bootstrap-admin-template/app-assets/css/pages/page-knowledge-base.min.css]
[pixinvent.com/demo/vuexy-html-bootstrap-admin-template/html/ltr/vertical-menu-template/page-kb-category.html]
[pixinvent.com/demo/vuexy-html-bootstrap-admin-template/app-assets/css/pages/page-blog.min.css]
[pixinvent.com/demo/vuexy-html-bootstrap-admin-template/app-assets/css/pages/page-misc.min.css]
[pixinvent.com/demo/vuexy-html-bootstrap-admin-template/app-assets/css/pages/ui-colors.min.css]
[pixinvent.com/demo/vuexy-html-bootstrap-admin-template/app-assets/css/pages/ui-feather.min.css]
[pixinvent.com/demo/vuexy-html-bootstrap-admin-template/app-assets/vendors/css/animate/animate.min.css]
[pixinvent.com/demo/vuexy-html-bootstrap-admin-template/app-assets/vendors/css/extensions/sweetalert2.min.css]
[pixinvent.com/demo/vuexy-html-bootstrap-admin-template/app-assets/css/plugins/extensions/ext-component-sweet-alerts.min.css]
[pixinvent.com/demo/vuexy-html-bootstrap-admin-template/app-assets/css/core/colors/palette-noui.css]
[pixinvent.com/demo/vuexy-html-bootstrap-admin-template/app-assets/css/plugins/extensions/ext-component-drag-drop.min.css]
[pixinvent.com/demo/vuexy-html-bootstrap-admin-template/app-assets/vendors/css/extensions/tether-theme-arrows.css]
[pixinvent.com/demo/vuexy-html-bootstrap-admin-template/app-assets/vendors/css/extensions/tether.min.css]
[pixinvent.com/demo/vuexy-html-bootstrap-admin-template/app-assets/vendors/css/extensions/shepherd.min.css]
[pixinvent.com/demo/vuexy-html-bootstrap-admin-template/app-assets/css/plugins/extensions/ext-component-tour.min.css]
[pixinvent.com/demo/vuexy-html-bootstrap-admin-template/app-assets/vendors/css/extensions/plyr.min.css]
[pixinvent.com/demo/vuexy-html-bootstrap-admin-template/app-assets/css/plugins/extensions/ext-component-media-player.min.css]
[pixinvent.com/demo/vuexy-html-bootstrap-admin-template/html/ltr/vertical-menu-template/page-kb-question.html]
[pixinvent.com/demo/vuexy-html-bootstrap-admin-template/app-assets/vendors/css/extensions/jquery.contextMenu.min.css]
[pixinvent.com/demo/vuexy-html-bootstrap-admin-template/app-assets/css/plugins/extensions/ext-component-context-menu.min.css]
[pixinvent.com/demo/vuexy-html-bootstrap-admin-template/app-assets/css/plugins/extensions/ext-component-swiper.min.css]
[pixinvent.com/demo/vuexy-html-bootstrap-admin-template/app-assets/vendors/css/extensions/jquery.rateyo.min.css]
[pixinvent.com/demo/vuexy-html-bootstrap-admin-template/app-assets/css/plugins/extensions/ext-component-ratings.min.css]
[pixinvent.com/demo/vuexy-html-bootstrap-admin-template/app-assets/vendors/css/file-uploaders/dropzone.min.css]
[pixinvent.com/demo/vuexy-html-bootstrap-admin-template/app-assets/css/plugins/forms/form-file-uploader.min.css]
[pixinvent.com/demo/vuexy-html-bootstrap-admin-template/app-assets/vendors/css/pickers/pickadate/pickadate.css]
[pixinvent.com/demo/vuexy-html-bootstrap-admin-template/app-assets/vendors/css/tables/datatable/rowGroup.bootstrap4.min.css]
[pixinvent.com/demo/vuexy-html-bootstrap-admin-template/app-assets/vendors/css/tables/ag-grid/ag-grid.css]
[pixinvent.com/demo/vuexy-html-bootstrap-admin-template/app-assets/vendors/css/tables/ag-grid/ag-theme-material.css]
[pixinvent.com/demo/vuexy-html-bootstrap-admin-template/app-assets/css/plugins/tables/table-ag-grid.min.css]
[pixinvent.com/demo/vuexy-html-bootstrap-admin-template/app-assets/vendors/css/maps/images/layers.png]
[pixinvent.com/demo/vuexy-html-bootstrap-admin-template/app-assets/vendors/css/maps/images/layers-2x.png]
[pixinvent.com/demo/vuexy-html-bootstrap-admin-template/app-assets/vendors/css/maps/images/marker-icon.png]
[pixinvent.com/demo/vuexy-html-bootstrap-admin-template/app-assets/vendors/css/maps/leaflet.min.css]
[pixinvent.com/demo/vuexy-html-bootstrap-admin-template/app-assets/css/plugins/maps/map-leaflet.min.css]
[pixinvent.com/demo/vuexy-html-bootstrap-admin-template/app-assets/vendors/css/editors/quill/fonts/KaTeX_AMS-Regular.html]
[pixinvent.com/demo/vuexy-html-bootstrap-admin-template/app-assets/vendors/css/editors/quill/fonts/KaTeX_AMS-Regular-2.html]
[pixinvent.com/demo/vuexy-html-bootstrap-admin-template/app-assets/vendors/css/editors/quill/fonts/KaTeX_Caligraphic-Bold.html]
[pixinvent.com/demo/vuexy-html-bootstrap-admin-template/app-assets/vendors/css/editors/quill/fonts/KaTeX_Caligraphic-Bold-2.html]
[pixinvent.com/demo/vuexy-html-bootstrap-admin-template/app-assets/vendors/css/editors/quill/fonts/KaTeX_Caligraphic-Regular.html]
[pixinvent.com/demo/vuexy-html-bootstrap-admin-template/app-assets/vendors/css/editors/quill/fonts/KaTeX_Caligraphic-Regular-2.html]
[pixinvent.com/demo/vuexy-html-bootstrap-admin-template/app-assets/vendors/css/editors/quill/fonts/KaTeX_Fraktur-Bold.html]
[pixinvent.com/demo/vuexy-html-bootstrap-admin-template/app-assets/vendors/css/editors/quill/fonts/KaTeX_Fraktur-Bold-2.html]
[pixinvent.com/demo/vuexy-html-bootstrap-admin-template/app-assets/vendors/css/editors/quill/fonts/KaTeX_Fraktur-Regular.html]
[pixinvent.com/demo/vuexy-html-bootstrap-admin-template/app-assets/vendors/css/editors/quill/fonts/KaTeX_Fraktur-Regular-2.html]
[pixinvent.com/demo/vuexy-html-bootstrap-admin-template/app-assets/vendors/css/editors/quill/fonts/KaTeX_Main-Bold.html]
[pixinvent.com/demo/vuexy-html-bootstrap-admin-template/app-assets/vendors/css/editors/quill/fonts/KaTeX_Main-Bold-2.html]
[pixinvent.com/demo/vuexy-html-bootstrap-admin-template/app-assets/vendors/css/editors/quill/fonts/KaTeX_Main-BoldItalic.html]
[pixinvent.com/demo/vuexy-html-bootstrap-admin-template/app-assets/vendors/css/editors/quill/fonts/KaTeX_Main-BoldItalic-2.html]
[pixinvent.com/demo/vuexy-html-bootstrap-admin-template/app-assets/vendors/css/editors/quill/fonts/KaTeX_Main-Italic.html]
[pixinvent.com/demo/vuexy-html-bootstrap-admin-template/app-assets/vendors/css/editors/quill/fonts/KaTeX_Main-Italic-2.html]
[pixinvent.com/demo/vuexy-html-bootstrap-admin-template/app-assets/vendors/css/editors/quill/fonts/KaTeX_Main-Regular.html]
[pixinvent.com/demo/vuexy-html-bootstrap-admin-template/app-assets/vendors/css/editors/quill/fonts/KaTeX_Main-Regular-2.html]
[pixinvent.com/demo/vuexy-html-bootstrap-admin-template/app-assets/vendors/css/editors/quill/fonts/KaTeX_Math-BoldItalic.html]
[pixinvent.com/demo/vuexy-html-bootstrap-admin-template/app-assets/vendors/css/editors/quill/fonts/KaTeX_Math-BoldItalic-2.html]
[pixinvent.com/demo/vuexy-html-bootstrap-admin-template/app-assets/vendors/css/editors/quill/fonts/KaTeX_Math-Italic.html]
[pixinvent.com/demo/vuexy-html-bootstrap-admin-template/app-assets/vendors/css/editors/quill/fonts/KaTeX_Math-Italic-2.html]
[pixinvent.com/demo/vuexy-html-bootstrap-admin-template/app-assets/vendors/css/editors/quill/fonts/KaTeX_SansSerif-Bold.html]
[pixinvent.com/demo/vuexy-html-bootstrap-admin-template/app-assets/vendors/css/editors/quill/fonts/KaTeX_SansSerif-Bold-2.html]
[pixinvent.com/demo/vuexy-html-bootstrap-admin-template/app-assets/vendors/css/editors/quill/fonts/KaTeX_SansSerif-Italic.html]
[pixinvent.com/demo/vuexy-html-bootstrap-admin-template/app-assets/vendors/css/editors/quill/fonts/KaTeX_SansSerif-Italic-2.html]
[pixinvent.com/demo/vuexy-html-bootstrap-admin-template/app-assets/vendors/css/editors/quill/fonts/KaTeX_SansSerif-Regular.html]
[pixinvent.com/demo/vuexy-html-bootstrap-admin-template/app-assets/vendors/css/editors/quill/fonts/KaTeX_SansSerif-Regular-2.html]
[pixinvent.com/demo/vuexy-html-bootstrap-admin-template/app-assets/vendors/css/editors/quill/fonts/KaTeX_Script-Regular.html]
[pixinvent.com/demo/vuexy-html-bootstrap-admin-template/app-assets/vendors/css/editors/quill/fonts/KaTeX_Script-Regular-2.html]
[pixinvent.com/demo/vuexy-html-bootstrap-admin-template/app-assets/vendors/css/editors/quill/fonts/KaTeX_Size1-Regular.html]
[pixinvent.com/demo/vuexy-html-bootstrap-admin-template/app-assets/vendors/css/editors/quill/fonts/KaTeX_Size1-Regular-2.html]
[pixinvent.com/demo/vuexy-html-bootstrap-admin-template/app-assets/vendors/css/editors/quill/fonts/KaTeX_Size2-Regular.html]
[pixinvent.com/demo/vuexy-html-bootstrap-admin-template/app-assets/vendors/css/editors/quill/fonts/KaTeX_Size2-Regular-2.html]
[pixinvent.com/demo/vuexy-html-bootstrap-admin-template/app-assets/vendors/css/editors/quill/fonts/KaTeX_Size3-Regular.html]
[pixinvent.com/demo/vuexy-html-bootstrap-admin-template/app-assets/vendors/css/editors/quill/fonts/KaTeX_Size3-Regular-2.html]
[pixinvent.com/demo/vuexy-html-bootstrap-admin-template/app-assets/vendors/css/editors/quill/fonts/KaTeX_Size4-Regular.html]
[pixinvent.com/demo/vuexy-html-bootstrap-admin-template/app-assets/vendors/css/editors/quill/fonts/KaTeX_Size4-Regular-2.html]
[pixinvent.com/demo/vuexy-html-bootstrap-admin-template/app-assets/vendors/css/editors/quill/fonts/KaTeX_Typewriter-Regular.html]
[pixinvent.com/demo/vuexy-html-bootstrap-admin-template/app-assets/vendors/css/editors/quill/fonts/KaTeX_Typewriter-Regular-2.html]
[pixinvent.com/demo/vuexy-html-bootstrap-admin-template/app-assets/vendors/css/extensions/32px.html]
[pixinvent.com/demo/vuexy-html-bootstrap-admin-template/app-assets/vendors/css/extensions/throbber.html]
[pixinvent.com/demo/vuexy-html-bootstrap-admin-template/app-assets/vendors/css/extensions/40px.html]
[pixinvent.com/demo/vuexy-html-bootstrap-admin-template/app-assets/css/pages/app-invoice-print.min.css]
[pixinvent.com/demo/vuexy-html-bootstrap-admin-template/app-assets/images/pages/kb-image.jpg]
[pixinvent.com/demo/vuexy-html-bootstrap-admin-template/html/ltr/vertical-menu-template/page-kb-question.html]
[pixinvent.com/demo/vuexy-html-bootstrap-admin-template/app-assets/vendors/css/extensions/font/context-menu-icons0a26.html]
[pixinvent.com/demo/vuexy-html-bootstrap-admin-template/app-assets/vendors/css/extensions/font/context-menu-icons0a26-2.html]
