[pixinvent.com/demo/vuexy-html-bootstrap-admin-template/html/ltr/vertical-menu-template/index.html]
[backblue.gif]
[fade.gif]
[index.html]
[pixinvent.com/demo/vuexy-html-bootstrap-admin-template/app-assets/vendors/css/charts/apexcharts.css]
[pixinvent.com/demo/vuexy-html-bootstrap-admin-template/app-assets/vendors/css/vendors.min.css]
[pixinvent.com/demo/vuexy-html-bootstrap-admin-template/app-assets/vendors/css/extensions/tether-theme-arrows.css]
[pixinvent.com/demo/vuexy-html-bootstrap-admin-template/app-assets/vendors/css/extensions/shepherd-theme-default.css]
[pixinvent.com/demo/vuexy-html-bootstrap-admin-template/app-assets/css/bootstrap.min.css]
[pixinvent.com/demo/vuexy-html-bootstrap-admin-template/app-assets/css/bootstrap-extended.min.css]
[pixinvent.com/demo/vuexy-html-bootstrap-admin-template/app-assets/css/colors.min.css]
[pixinvent.com/demo/vuexy-html-bootstrap-admin-template/app-assets/css/components.min.css]
[pixinvent.com/demo/vuexy-html-bootstrap-admin-template/app-assets/css/themes/dark-layout.min.css]
[pixinvent.com/demo/vuexy-html-bootstrap-admin-template/app-assets/css/themes/semi-dark-layout.min.css]
[pixinvent.com/demo/vuexy-html-bootstrap-admin-template/app-assets/css/core/menu/menu-types/vertical-menu.min.css]
[pixinvent.com/demo/vuexy-html-bootstrap-admin-template/app-assets/css/core/colors/palette-gradient.min.css]
[pixinvent.com/demo/vuexy-html-bootstrap-admin-template/app-assets/css/pages/dashboard-analytics.min.css]
[pixinvent.com/demo/vuexy-html-bootstrap-admin-template/app-assets/css/pages/card-analytics.min.css]
[pixinvent.com/demo/vuexy-html-bootstrap-admin-template/app-assets/css/plugins/tour/tour.min.css]
[pixinvent.com/demo/vuexy-html-bootstrap-admin-template/assets/css/style.css]
[pixinvent.com/demo/vuexy-html-bootstrap-admin-template/html/ltr/vertical-menu-template/app-todo.html]
[pixinvent.com/demo/vuexy-html-bootstrap-admin-template/html/ltr/vertical-menu-template/app-chat.html]
[pixinvent.com/demo/vuexy-html-bootstrap-admin-template/html/ltr/vertical-menu-template/app-email.html]
[pixinvent.com/demo/vuexy-html-bootstrap-admin-template/html/ltr/vertical-menu-template/app-calender.html]
[pixinvent.com/demo/vuexy-html-bootstrap-admin-template/app-assets/images/portrait/small/avatar-s-11.jpg]
[pixinvent.com/demo/vuexy-html-bootstrap-admin-template/html/ltr/vertical-menu-template/page-user-profile.html]
[pixinvent.com/demo/vuexy-html-bootstrap-admin-template/html/ltr/vertical-menu-template/auth-login.html]
[pixinvent.com/demo/vuexy-html-bootstrap-admin-template/app-assets/images/icons/xls.png]
[pixinvent.com/demo/vuexy-html-bootstrap-admin-template/app-assets/images/icons/jpg.png]
[pixinvent.com/demo/vuexy-html-bootstrap-admin-template/app-assets/images/icons/pdf.png]
[pixinvent.com/demo/vuexy-html-bootstrap-admin-template/app-assets/images/icons/doc.png]
[pixinvent.com/demo/vuexy-html-bootstrap-admin-template/app-assets/images/portrait/small/avatar-s-8.jpg]
[pixinvent.com/demo/vuexy-html-bootstrap-admin-template/app-assets/images/portrait/small/avatar-s-1.jpg]
[pixinvent.com/demo/vuexy-html-bootstrap-admin-template/app-assets/images/portrait/small/avatar-s-14.jpg]
[pixinvent.com/demo/vuexy-html-bootstrap-admin-template/app-assets/images/portrait/small/avatar-s-6.jpg]
[pixinvent.com/demo/vuexy-html-bootstrap-admin-template/html/ltr/vertical-menu-template/dashboard-analytics.html]
[pixinvent.com/demo/vuexy-html-bootstrap-admin-template/html/ltr/vertical-menu-template/dashboard-ecommerce.html]
[pixinvent.com/demo/vuexy-html-bootstrap-admin-template/html/ltr/vertical-menu-template/app-ecommerce-shop.html]
[pixinvent.com/demo/vuexy-html-bootstrap-admin-template/html/ltr/vertical-menu-template/app-ecommerce-details.html]
[pixinvent.com/demo/vuexy-html-bootstrap-admin-template/html/ltr/vertical-menu-template/app-ecommerce-wishlist.html]
[pixinvent.com/demo/vuexy-html-bootstrap-admin-template/html/ltr/vertical-menu-template/app-ecommerce-checkout.html]
[pixinvent.com/demo/vuexy-html-bootstrap-admin-template/html/ltr/vertical-menu-template/app-user-list.html]
[pixinvent.com/demo/vuexy-html-bootstrap-admin-template/html/ltr/vertical-menu-template/app-user-view.html]
[pixinvent.com/demo/vuexy-html-bootstrap-admin-template/html/ltr/vertical-menu-template/app-user-edit.html]
[pixinvent.com/demo/vuexy-html-bootstrap-admin-template/html/ltr/vertical-menu-template/data-list-view.html]
[pixinvent.com/demo/vuexy-html-bootstrap-admin-template/html/ltr/vertical-menu-template/data-thumb-view.html]
[pixinvent.com/demo/vuexy-html-bootstrap-admin-template/html/ltr/vertical-menu-template/content-grid.html]
[pixinvent.com/demo/vuexy-html-bootstrap-admin-template/html/ltr/vertical-menu-template/content-typography.html]
[pixinvent.com/demo/vuexy-html-bootstrap-admin-template/html/ltr/vertical-menu-template/content-text-utilities.html]
[pixinvent.com/demo/vuexy-html-bootstrap-admin-template/html/ltr/vertical-menu-template/content-syntax-highlighter.html]
[pixinvent.com/demo/vuexy-html-bootstrap-admin-template/html/ltr/vertical-menu-template/content-helper-classes.html]
[pixinvent.com/demo/vuexy-html-bootstrap-admin-template/html/ltr/vertical-menu-template/colors.html]
[pixinvent.com/demo/vuexy-html-bootstrap-admin-template/html/ltr/vertical-menu-template/icons-feather.html]
[pixinvent.com/demo/vuexy-html-bootstrap-admin-template/html/ltr/vertical-menu-template/icons-font-awesome.html]
[pixinvent.com/demo/vuexy-html-bootstrap-admin-template/html/ltr/vertical-menu-template/card-basic.html]
[pixinvent.com/demo/vuexy-html-bootstrap-admin-template/html/ltr/vertical-menu-template/card-advance.html]
[pixinvent.com/demo/vuexy-html-bootstrap-admin-template/html/ltr/vertical-menu-template/card-statistics.html]
[pixinvent.com/demo/vuexy-html-bootstrap-admin-template/html/ltr/vertical-menu-template/card-analytics.html]
[pixinvent.com/demo/vuexy-html-bootstrap-admin-template/html/ltr/vertical-menu-template/card-actions.html]
[pixinvent.com/demo/vuexy-html-bootstrap-admin-template/html/ltr/vertical-menu-template/component-alerts.html]
[pixinvent.com/demo/vuexy-html-bootstrap-admin-template/html/ltr/vertical-menu-template/component-buttons-basic.html]
[pixinvent.com/demo/vuexy-html-bootstrap-admin-template/html/ltr/vertical-menu-template/component-breadcrumbs.html]
[pixinvent.com/demo/vuexy-html-bootstrap-admin-template/html/ltr/vertical-menu-template/component-carousel.html]
[pixinvent.com/demo/vuexy-html-bootstrap-admin-template/html/ltr/vertical-menu-template/component-collapse.html]
[pixinvent.com/demo/vuexy-html-bootstrap-admin-template/html/ltr/vertical-menu-template/component-dropdowns.html]
[pixinvent.com/demo/vuexy-html-bootstrap-admin-template/html/ltr/vertical-menu-template/component-list-group.html]
[pixinvent.com/demo/vuexy-html-bootstrap-admin-template/html/ltr/vertical-menu-template/component-modals.html]
[pixinvent.com/demo/vuexy-html-bootstrap-admin-template/html/ltr/vertical-menu-template/component-pagination.html]
[pixinvent.com/demo/vuexy-html-bootstrap-admin-template/html/ltr/vertical-menu-template/component-navs-component.html]
[pixinvent.com/demo/vuexy-html-bootstrap-admin-template/html/ltr/vertical-menu-template/component-navbar.html]
[pixinvent.com/demo/vuexy-html-bootstrap-admin-template/html/ltr/vertical-menu-template/component-tabs-component.html]
[pixinvent.com/demo/vuexy-html-bootstrap-admin-template/html/ltr/vertical-menu-template/component-pills-component.html]
[pixinvent.com/demo/vuexy-html-bootstrap-admin-template/html/ltr/vertical-menu-template/component-tooltips.html]
[pixinvent.com/demo/vuexy-html-bootstrap-admin-template/html/ltr/vertical-menu-template/component-popovers.html]
[pixinvent.com/demo/vuexy-html-bootstrap-admin-template/html/ltr/vertical-menu-template/component-badges.html]
[pixinvent.com/demo/vuexy-html-bootstrap-admin-template/html/ltr/vertical-menu-template/component-pill-badges.html]
[pixinvent.com/demo/vuexy-html-bootstrap-admin-template/html/ltr/vertical-menu-template/component-progress.html]
[pixinvent.com/demo/vuexy-html-bootstrap-admin-template/html/ltr/vertical-menu-template/component-media-objects.html]
[pixinvent.com/demo/vuexy-html-bootstrap-admin-template/html/ltr/vertical-menu-template/component-spinner.html]
[pixinvent.com/demo/vuexy-html-bootstrap-admin-template/html/ltr/vertical-menu-template/component-bs-toast.html]
[pixinvent.com/demo/vuexy-html-bootstrap-admin-template/html/ltr/vertical-menu-template/ex-component-avatar.html]
[pixinvent.com/demo/vuexy-html-bootstrap-admin-template/html/ltr/vertical-menu-template/ex-component-chips.html]
[pixinvent.com/demo/vuexy-html-bootstrap-admin-template/html/ltr/vertical-menu-template/ex-component-divider.html]
[pixinvent.com/demo/vuexy-html-bootstrap-admin-template/html/ltr/vertical-menu-template/form-select.html]
[pixinvent.com/demo/vuexy-html-bootstrap-admin-template/html/ltr/vertical-menu-template/form-switch.html]
[pixinvent.com/demo/vuexy-html-bootstrap-admin-template/html/ltr/vertical-menu-template/form-checkbox.html]
[pixinvent.com/demo/vuexy-html-bootstrap-admin-template/html/ltr/vertical-menu-template/form-radio.html]
[pixinvent.com/demo/vuexy-html-bootstrap-admin-template/html/ltr/vertical-menu-template/form-inputs.html]
[pixinvent.com/demo/vuexy-html-bootstrap-admin-template/html/ltr/vertical-menu-template/form-input-groups.html]
[pixinvent.com/demo/vuexy-html-bootstrap-admin-template/html/ltr/vertical-menu-template/form-number-input.html]
[pixinvent.com/demo/vuexy-html-bootstrap-admin-template/html/ltr/vertical-menu-template/form-textarea.html]
[pixinvent.com/demo/vuexy-html-bootstrap-admin-template/html/ltr/vertical-menu-template/form-date-time-picker.html]
[pixinvent.com/demo/vuexy-html-bootstrap-admin-template/html/ltr/vertical-menu-template/form-layout.html]
[pixinvent.com/demo/vuexy-html-bootstrap-admin-template/html/ltr/vertical-menu-template/form-wizard.html]
[pixinvent.com/demo/vuexy-html-bootstrap-admin-template/html/ltr/vertical-menu-template/form-validation.html]
[pixinvent.com/demo/vuexy-html-bootstrap-admin-template/html/ltr/vertical-menu-template/table.html]
[pixinvent.com/demo/vuexy-html-bootstrap-admin-template/html/ltr/vertical-menu-template/table-datatable.html]
[pixinvent.com/demo/vuexy-html-bootstrap-admin-template/html/ltr/vertical-menu-template/table-ag-grid.html]
[pixinvent.com/demo/vuexy-html-bootstrap-admin-template/html/ltr/vertical-menu-template/page-account-settings.html]
[pixinvent.com/demo/vuexy-html-bootstrap-admin-template/html/ltr/vertical-menu-template/page-faq.html]
[pixinvent.com/demo/vuexy-html-bootstrap-admin-template/html/ltr/vertical-menu-template/page-knowledge-base.html]
[pixinvent.com/demo/vuexy-html-bootstrap-admin-template/html/ltr/vertical-menu-template/page-search.html]
[pixinvent.com/demo/vuexy-html-bootstrap-admin-template/html/ltr/vertical-menu-template/page-invoice.html]
[pixinvent.com/demo/vuexy-html-bootstrap-admin-template/html/ltr/vertical-menu-template/auth-register.html]
[pixinvent.com/demo/vuexy-html-bootstrap-admin-template/html/ltr/vertical-menu-template/auth-forgot-password.html]
[pixinvent.com/demo/vuexy-html-bootstrap-admin-template/html/ltr/vertical-menu-template/auth-reset-password.html]
[pixinvent.com/demo/vuexy-html-bootstrap-admin-template/html/ltr/vertical-menu-template/auth-lock-screen.html]
[pixinvent.com/demo/vuexy-html-bootstrap-admin-template/html/ltr/vertical-menu-template/page-coming-soon.html]
[pixinvent.com/demo/vuexy-html-bootstrap-admin-template/html/ltr/vertical-menu-template/error-404.html]
[pixinvent.com/demo/vuexy-html-bootstrap-admin-template/html/ltr/vertical-menu-template/error-500.html]
[pixinvent.com/demo/vuexy-html-bootstrap-admin-template/html/ltr/vertical-menu-template/page-not-authorized.html]
[pixinvent.com/demo/vuexy-html-bootstrap-admin-template/html/ltr/vertical-menu-template/page-maintenance.html]
[pixinvent.com/demo/vuexy-html-bootstrap-admin-template/html/ltr/vertical-menu-template/chart-apex.html]
[pixinvent.com/demo/vuexy-html-bootstrap-admin-template/html/ltr/vertical-menu-template/chart-chartjs.html]
[pixinvent.com/demo/vuexy-html-bootstrap-admin-template/html/ltr/vertical-menu-template/chart-echarts.html]
[pixinvent.com/demo/vuexy-html-bootstrap-admin-template/html/ltr/vertical-menu-template/maps-google.html]
[pixinvent.com/demo/vuexy-html-bootstrap-admin-template/html/ltr/vertical-menu-template/ext-component-sweet-alerts.html]
[pixinvent.com/demo/vuexy-html-bootstrap-admin-template/html/ltr/vertical-menu-template/ext-component-toastr.html]
[pixinvent.com/demo/vuexy-html-bootstrap-admin-template/html/ltr/vertical-menu-template/ext-component-noui-slider.html]
[pixinvent.com/demo/vuexy-html-bootstrap-admin-template/html/ltr/vertical-menu-template/ext-component-file-uploader.html]
[pixinvent.com/demo/vuexy-html-bootstrap-admin-template/html/ltr/vertical-menu-template/ext-component-quill-editor.html]
[pixinvent.com/demo/vuexy-html-bootstrap-admin-template/html/ltr/vertical-menu-template/ext-component-drag-drop.html]
[pixinvent.com/demo/vuexy-html-bootstrap-admin-template/html/ltr/vertical-menu-template/ext-component-tour.html]
[pixinvent.com/demo/vuexy-html-bootstrap-admin-template/html/ltr/vertical-menu-template/ext-component-clipboard.html]
[pixinvent.com/demo/vuexy-html-bootstrap-admin-template/html/ltr/vertical-menu-template/ext-component-plyr.html]
[pixinvent.com/demo/vuexy-html-bootstrap-admin-template/html/ltr/vertical-menu-template/ext-component-context-menu.html]
[pixinvent.com/demo/vuexy-html-bootstrap-admin-template/html/ltr/vertical-menu-template/ext-component-swiper.html]
[pixinvent.com/demo/vuexy-html-bootstrap-admin-template/html/ltr/vertical-menu-template/ext-component-i18n.html]
[pixinvent.com/demo/vuexy-html-bootstrap-admin-template/app-assets/images/elements/decore-left.png]
[pixinvent.com/demo/vuexy-html-bootstrap-admin-template/app-assets/images/elements/decore-right.png]
[pixinvent.com/demo/vuexy-html-bootstrap-admin-template/app-assets/images/portrait/small/avatar-s-5.jpg]
[pixinvent.com/demo/vuexy-html-bootstrap-admin-template/app-assets/images/portrait/small/avatar-s-7.jpg]
[pixinvent.com/demo/vuexy-html-bootstrap-admin-template/app-assets/images/portrait/small/avatar-s-10.jpg]
[pixinvent.com/demo/vuexy-html-bootstrap-admin-template/app-assets/images/portrait/small/avatar-s-2.jpg]
[pixinvent.com/demo/vuexy-html-bootstrap-admin-template/app-assets/images/portrait/small/avatar-s-3.jpg]
[pixinvent.com/demo/vuexy-html-bootstrap-admin-template/app-assets/images/portrait/small/avatar-s-9.jpg]
[pixinvent.com/demo/vuexy-html-bootstrap-admin-template/app-assets/vendors/js/vendors.min.js]
[pixinvent.com/demo/vuexy-html-bootstrap-admin-template/app-assets/vendors/js/extensions/tether.min.js]
[pixinvent.com/demo/vuexy-html-bootstrap-admin-template/app-assets/vendors/js/charts/apexcharts.min.js]
[pixinvent.com/demo/vuexy-html-bootstrap-admin-template/app-assets/js/core/app-menu.min.js]
[pixinvent.com/demo/vuexy-html-bootstrap-admin-template/app-assets/js/core/app.min.js]
[pixinvent.com/demo/vuexy-html-bootstrap-admin-template/app-assets/js/scripts/components.min.js]
[pixinvent.com/demo/vuexy-html-bootstrap-admin-template/app-assets/js/scripts/customizer.min.js]
[pixinvent.com/demo/vuexy-html-bootstrap-admin-template/app-assets/js/scripts/footer.min.js]
[pixinvent.com/demo/vuexy-html-bootstrap-admin-template/html/ltr/vertical-menu-template/index.html]
[pixinvent.com/demo/vuexy-html-bootstrap-admin-template/app-assets/images/ico/apple-icon-120.html]
[pixinvent.com/demo/vuexy-html-bootstrap-admin-template/app-assets/vendors/css/vendors.min.css]
[pixinvent.com/demo/vuexy-html-bootstrap-admin-template/app-assets/vendors/css/charts/apexcharts.css]
[pixinvent.com/demo/vuexy-html-bootstrap-admin-template/app-assets/vendors/css/extensions/tether-theme-arrows.css]
[pixinvent.com/demo/vuexy-html-bootstrap-admin-template/app-assets/vendors/css/extensions/tether.min.css]
[pixinvent.com/demo/vuexy-html-bootstrap-admin-template/app-assets/vendors/css/extensions/shepherd-theme-default.css]
[pixinvent.com/demo/vuexy-html-bootstrap-admin-template/app-assets/css/bootstrap.min.css]
[pixinvent.com/demo/vuexy-html-bootstrap-admin-template/app-assets/js/scripts/pages/dashboard-analytics.min.js]
[pixinvent.com/demo/vuexy-html-bootstrap-admin-template/app-assets/images/pages/arrow-down.png]
[pixinvent.com/demo/vuexy-html-bootstrap-admin-template/app-assets/css/bootstrap-extended.min.css]
[pixinvent.com/demo/vuexy-html-bootstrap-admin-template/app-assets/css/colors.min.css]
[pixinvent.com/demo/vuexy-html-bootstrap-admin-template/app-assets/images/pages/vuexy-login-bg.jpg]
[pixinvent.com/demo/vuexy-html-bootstrap-admin-template/app-assets/images/logo/vuexy-logo.png]
[pixinvent.com/demo/vuexy-html-bootstrap-admin-template/app-assets/css/components.min.css]
[pixinvent.com/demo/vuexy-html-bootstrap-admin-template/app-assets/css/themes/dark-layout.min.css]
[pixinvent.com/demo/vuexy-html-bootstrap-admin-template/app-assets/css/themes/semi-dark-layout.min.css]
[pixinvent.com/demo/vuexy-html-bootstrap-admin-template/app-assets/css/core/menu/menu-types/vertical-menu.min.css]
[pixinvent.com/demo/vuexy-html-bootstrap-admin-template/app-assets/css/core/colors/palette-gradient.min.css]
[pixinvent.com/demo/vuexy-html-bootstrap-admin-template/app-assets/css/pages/dashboard-analytics.min.css]
[pixinvent.com/demo/vuexy-html-bootstrap-admin-template/app-assets/css/pages/card-analytics.min.css]
[pixinvent.com/demo/vuexy-html-bootstrap-admin-template/app-assets/css/plugins/tour/tour.min.css]
[pixinvent.com/demo/vuexy-html-bootstrap-admin-template/assets/css/style.css]
[pixinvent.com/demo/vuexy-html-bootstrap-admin-template/html/ltr/vertical-menu-template/app-todo.html]
[pixinvent.com/demo/vuexy-html-bootstrap-admin-template/app-assets/js/scripts/pages/app-todo.min.js]
[pixinvent.com/demo/vuexy-html-bootstrap-admin-template/app-assets/css/pages/app-todo.min.css]
[pixinvent.com/demo/vuexy-html-bootstrap-admin-template/app-assets/css/pages/app-chat.min.css]
[pixinvent.com/demo/vuexy-html-bootstrap-admin-template/html/ltr/vertical-menu-template/app-chat.html]
[pixinvent.com/demo/vuexy-html-bootstrap-admin-template/app-assets/js/scripts/pages/app-chat.min.js]
[pixinvent.com/demo/vuexy-html-bootstrap-admin-template/app-assets/vendors/css/editors/quill/katex.min.css]
[pixinvent.com/demo/vuexy-html-bootstrap-admin-template/app-assets/vendors/css/editors/quill/monokai-sublime.min.css]
[pixinvent.com/demo/vuexy-html-bootstrap-admin-template/app-assets/vendors/css/editors/quill/quill.snow.css]
[pixinvent.com/demo/vuexy-html-bootstrap-admin-template/app-assets/images/portrait/small/avatar-s-20.jpg]
[pixinvent.com/demo/vuexy-html-bootstrap-admin-template/app-assets/images/portrait/small/avatar-s-17.jpg]
[pixinvent.com/demo/vuexy-html-bootstrap-admin-template/app-assets/images/portrait/small/avatar-s-18.jpg]
[pixinvent.com/demo/vuexy-html-bootstrap-admin-template/app-assets/css/pages/app-email.min.css]
[pixinvent.com/demo/vuexy-html-bootstrap-admin-template/app-assets/vendors/js/editors/quill/katex.min.js]
[pixinvent.com/demo/vuexy-html-bootstrap-admin-template/app-assets/vendors/js/editors/quill/highlight.min.js]
[pixinvent.com/demo/vuexy-html-bootstrap-admin-template/html/ltr/vertical-menu-template/app-email.html]
[pixinvent.com/demo/vuexy-html-bootstrap-admin-template/app-assets/js/scripts/pages/app-email.min.js]
[pixinvent.com/demo/vuexy-html-bootstrap-admin-template/app-assets/vendors/js/editors/quill/quill.min.js]
[pixinvent.com/demo/vuexy-html-bootstrap-admin-template/app-assets/vendors/css/calendars/fullcalendar.min.css]
[pixinvent.com/demo/vuexy-html-bootstrap-admin-template/app-assets/vendors/css/calendars/extensions/daygrid.min.css]
[pixinvent.com/demo/vuexy-html-bootstrap-admin-template/app-assets/vendors/css/calendars/extensions/timegrid.min.css]
[pixinvent.com/demo/vuexy-html-bootstrap-admin-template/app-assets/vendors/css/pickers/pickadate/pickadate.css]
[pixinvent.com/demo/vuexy-html-bootstrap-admin-template/app-assets/css/plugins/calendars/fullcalendar.min.css]
[pixinvent.com/demo/vuexy-html-bootstrap-admin-template/app-assets/vendors/js/extensions/moment.min.js]
[pixinvent.com/demo/vuexy-html-bootstrap-admin-template/app-assets/vendors/js/calendar/extensions/daygrid.min.js]
[pixinvent.com/demo/vuexy-html-bootstrap-admin-template/app-assets/vendors/js/extensions/shepherd.min.js]
[pixinvent.com/demo/vuexy-html-bootstrap-admin-template/app-assets/vendors/js/calendar/fullcalendar.min.js]
[pixinvent.com/demo/vuexy-html-bootstrap-admin-template/app-assets/vendors/js/calendar/extensions/timegrid.min.js]
[pixinvent.com/demo/vuexy-html-bootstrap-admin-template/app-assets/vendors/js/calendar/extensions/interactions.min.js]
[pixinvent.com/demo/vuexy-html-bootstrap-admin-template/app-assets/vendors/js/pickers/pickadate/picker.js]
[pixinvent.com/demo/vuexy-html-bootstrap-admin-template/app-assets/vendors/js/pickers/pickadate/picker.date.js]
[pixinvent.com/demo/vuexy-html-bootstrap-admin-template/html/ltr/vertical-menu-template/app-calender.html]
[pixinvent.com/demo/vuexy-html-bootstrap-admin-template/app-assets/js/scripts/extensions/fullcalendar.min.js]
[pixinvent.com/demo/vuexy-html-bootstrap-admin-template/app-assets/css/pages/users.min.css]
[pixinvent.com/demo/vuexy-html-bootstrap-admin-template/app-assets/images/profile/user-uploads/cover.jpg]
[pixinvent.com/demo/vuexy-html-bootstrap-admin-template/app-assets/images/profile/user-uploads/user-13.jpg]
[pixinvent.com/demo/vuexy-html-bootstrap-admin-template/app-assets/images/profile/pages/page-09.jpg]
[pixinvent.com/demo/vuexy-html-bootstrap-admin-template/app-assets/images/profile/pages/page-08.jpg]
[pixinvent.com/demo/vuexy-html-bootstrap-admin-template/app-assets/images/profile/pages/page-03.jpg]
[pixinvent.com/demo/vuexy-html-bootstrap-admin-template/app-assets/images/profile/pages/page-02.jpg]
[pixinvent.com/demo/vuexy-html-bootstrap-admin-template/app-assets/images/profile/pages/page-07.jpg]
[pixinvent.com/demo/vuexy-html-bootstrap-admin-template/app-assets/images/profile/pages/page-04.jpg]
[pixinvent.com/demo/vuexy-html-bootstrap-admin-template/app-assets/images/profile/pages/page-05.jpg]
[pixinvent.com/demo/vuexy-html-bootstrap-admin-template/app-assets/images/profile/pages/page-01.jpg]
[pixinvent.com/demo/vuexy-html-bootstrap-admin-template/app-assets/images/profile/pages/page-06.jpg]
[pixinvent.com/demo/vuexy-html-bootstrap-admin-template/app-assets/images/portrait/small/avatar-s-12.jpg]
[pixinvent.com/demo/vuexy-html-bootstrap-admin-template/app-assets/images/profile/user-uploads/user-01.jpg]
[pixinvent.com/demo/vuexy-html-bootstrap-admin-template/app-assets/images/profile/post-media/2.jpg]
[pixinvent.com/demo/vuexy-html-bootstrap-admin-template/app-assets/images/portrait/small/avatar-s-4.jpg]
[pixinvent.com/demo/vuexy-html-bootstrap-admin-template/app-assets/images/profile/post-media/25.jpg]
[pixinvent.com/demo/vuexy-html-bootstrap-admin-template/app-assets/images/profile/user-uploads/user-02.jpg]
[pixinvent.com/demo/vuexy-html-bootstrap-admin-template/app-assets/images/profile/user-uploads/user-03.jpg]
[pixinvent.com/demo/vuexy-html-bootstrap-admin-template/app-assets/images/profile/user-uploads/user-04.jpg]
[pixinvent.com/demo/vuexy-html-bootstrap-admin-template/app-assets/images/profile/user-uploads/user-05.jpg]
[pixinvent.com/demo/vuexy-html-bootstrap-admin-template/app-assets/images/profile/user-uploads/user-06.jpg]
[pixinvent.com/demo/vuexy-html-bootstrap-admin-template/app-assets/images/profile/user-uploads/user-07.jpg]
[pixinvent.com/demo/vuexy-html-bootstrap-admin-template/app-assets/images/profile/user-uploads/user-08.jpg]
[pixinvent.com/demo/vuexy-html-bootstrap-admin-template/app-assets/images/profile/user-uploads/user-09.jpg]
[pixinvent.com/demo/vuexy-html-bootstrap-admin-template/html/ltr/vertical-menu-template/page-user-profile.html]
[pixinvent.com/demo/vuexy-html-bootstrap-admin-template/app-assets/js/scripts/pages/user-profile.min.js]
[pixinvent.com/demo/vuexy-html-bootstrap-admin-template/app-assets/css/pages/authentication.css]
[pixinvent.com/demo/vuexy-html-bootstrap-admin-template/app-assets/images/pages/login.png]
[pixinvent.com/demo/vuexy-html-bootstrap-admin-template/html/ltr/vertical-menu-template/auth-login.html]
[pixinvent.com/demo/vuexy-html-bootstrap-admin-template/html/ltr/vertical-menu-template/dashboard-analytics.html]
[pixinvent.com/demo/vuexy-html-bootstrap-admin-template/app-assets/css/pages/dashboard-ecommerce.min.css]
[pixinvent.com/demo/vuexy-html-bootstrap-admin-template/html/ltr/vertical-menu-template/dashboard-ecommerce.html]
[pixinvent.com/demo/vuexy-html-bootstrap-admin-template/app-assets/js/scripts/pages/dashboard-ecommerce.min.js]
[pixinvent.com/demo/vuexy-html-bootstrap-admin-template/app-assets/vendors/css/extensions/nouislider.min.css]
[pixinvent.com/demo/vuexy-html-bootstrap-admin-template/app-assets/vendors/css/ui/prism.min.css]
[pixinvent.com/demo/vuexy-html-bootstrap-admin-template/app-assets/vendors/css/forms/select/select2.min.css]
[pixinvent.com/demo/vuexy-html-bootstrap-admin-template/app-assets/css/plugins/extensions/noui-slider.min.css]
[pixinvent.com/demo/vuexy-html-bootstrap-admin-template/app-assets/css/pages/app-ecommerce-shop.min.css]
[pixinvent.com/demo/vuexy-html-bootstrap-admin-template/app-assets/images/pages/eCommerce/1.png]
[pixinvent.com/demo/vuexy-html-bootstrap-admin-template/app-assets/images/pages/eCommerce/2.png]
[pixinvent.com/demo/vuexy-html-bootstrap-admin-template/app-assets/images/pages/eCommerce/3.png]
[pixinvent.com/demo/vuexy-html-bootstrap-admin-template/app-assets/images/pages/eCommerce/4.png]
[pixinvent.com/demo/vuexy-html-bootstrap-admin-template/app-assets/images/pages/eCommerce/5.png]
[pixinvent.com/demo/vuexy-html-bootstrap-admin-template/app-assets/images/pages/eCommerce/6.png]
[pixinvent.com/demo/vuexy-html-bootstrap-admin-template/app-assets/images/pages/eCommerce/7.png]
[pixinvent.com/demo/vuexy-html-bootstrap-admin-template/app-assets/images/pages/eCommerce/10.png]
[pixinvent.com/demo/vuexy-html-bootstrap-admin-template/app-assets/images/pages/eCommerce/9.png]
[pixinvent.com/demo/vuexy-html-bootstrap-admin-template/app-assets/vendors/js/ui/prism.min.js]
[pixinvent.com/demo/vuexy-html-bootstrap-admin-template/app-assets/vendors/js/extensions/wNumb.js]
[pixinvent.com/demo/vuexy-html-bootstrap-admin-template/app-assets/vendors/js/extensions/nouislider.min.js]
[pixinvent.com/demo/vuexy-html-bootstrap-admin-template/app-assets/vendors/js/forms/select/select2.full.min.js]
[pixinvent.com/demo/vuexy-html-bootstrap-admin-template/html/ltr/vertical-menu-template/app-ecommerce-shop.html]
[pixinvent.com/demo/vuexy-html-bootstrap-admin-template/app-assets/js/scripts/pages/app-ecommerce-shop.min.js]
[pixinvent.com/demo/vuexy-html-bootstrap-admin-template/app-assets/vendors/css/forms/spinner/jquery.bootstrap-touchspin.css]
[pixinvent.com/demo/vuexy-html-bootstrap-admin-template/app-assets/vendors/css/extensions/swiper.min.css]
[pixinvent.com/demo/vuexy-html-bootstrap-admin-template/app-assets/css/pages/app-ecommerce-details.min.css]
[pixinvent.com/demo/vuexy-html-bootstrap-admin-template/app-assets/images/elements/macbook-pro.png]
[pixinvent.com/demo/vuexy-html-bootstrap-admin-template/app-assets/images/elements/apple-watch.png]
[pixinvent.com/demo/vuexy-html-bootstrap-admin-template/app-assets/images/elements/beats-headphones.png]
[pixinvent.com/demo/vuexy-html-bootstrap-admin-template/app-assets/images/elements/homepod.png]
[pixinvent.com/demo/vuexy-html-bootstrap-admin-template/app-assets/images/elements/magic-mouse.png]
[pixinvent.com/demo/vuexy-html-bootstrap-admin-template/app-assets/images/elements/iphone-x.png]
[pixinvent.com/demo/vuexy-html-bootstrap-admin-template/app-assets/vendors/js/forms/spinner/jquery.bootstrap-touchspin.js]
[pixinvent.com/demo/vuexy-html-bootstrap-admin-template/app-assets/js/scripts/pages/app-ecommerce-details.min.js]
[pixinvent.com/demo/vuexy-html-bootstrap-admin-template/app-assets/vendors/js/extensions/swiper.min.js]
[pixinvent.com/demo/vuexy-html-bootstrap-admin-template/html/ltr/vertical-menu-template/app-ecommerce-details.html]
[pixinvent.com/demo/vuexy-html-bootstrap-admin-template/app-assets/js/scripts/forms/number-input.min.js]
[pixinvent.com/demo/vuexy-html-bootstrap-admin-template/app-assets/images/pages/eCommerce/8.png]
[pixinvent.com/demo/vuexy-html-bootstrap-admin-template/app-assets/images/pages/eCommerce/11.png]
[pixinvent.com/demo/vuexy-html-bootstrap-admin-template/html/ltr/vertical-menu-template/app-ecommerce-wishlist.html]
[pixinvent.com/demo/vuexy-html-bootstrap-admin-template/app-assets/vendors/css/extensions/toastr.css]
[pixinvent.com/demo/vuexy-html-bootstrap-admin-template/app-assets/css/plugins/forms/wizard.min.css]
[pixinvent.com/demo/vuexy-html-bootstrap-admin-template/app-assets/css/plugins/extensions/toastr.min.css]
[pixinvent.com/demo/vuexy-html-bootstrap-admin-template/app-assets/images/pages/eCommerce/bank.png]
[pixinvent.com/demo/vuexy-html-bootstrap-admin-template/app-assets/vendors/js/extensions/jquery.steps.min.js]
[pixinvent.com/demo/vuexy-html-bootstrap-admin-template/app-assets/vendors/js/forms/validation/jquery.validate.min.js]
[pixinvent.com/demo/vuexy-html-bootstrap-admin-template/html/ltr/vertical-menu-template/app-ecommerce-checkout.html]
[pixinvent.com/demo/vuexy-html-bootstrap-admin-template/app-assets/vendors/js/extensions/toastr.min.js]
[pixinvent.com/demo/vuexy-html-bootstrap-admin-template/app-assets/vendors/css/tables/ag-grid/ag-grid.css]
[pixinvent.com/demo/vuexy-html-bootstrap-admin-template/app-assets/vendors/css/tables/ag-grid/ag-theme-material.css]
[pixinvent.com/demo/vuexy-html-bootstrap-admin-template/app-assets/css/pages/app-user.min.css]
[pixinvent.com/demo/vuexy-html-bootstrap-admin-template/app-assets/css/pages/aggrid.min.css]
[pixinvent.com/demo/vuexy-html-bootstrap-admin-template/html/ltr/vertical-menu-template/app-user-list.html]
[pixinvent.com/demo/vuexy-html-bootstrap-admin-template/html/ltr/vertical-menu-template/app-user-view.html]
[pixinvent.com/demo/vuexy-html-bootstrap-admin-template/app-assets/js/scripts/pages/app-user.min.js]
[pixinvent.com/demo/vuexy-html-bootstrap-admin-template/app-assets/css/plugins/forms/validation/form-validation.css]
[pixinvent.com/demo/vuexy-html-bootstrap-admin-template/app-assets/vendors/js/forms/validation/jqBootstrapValidation.js]
[pixinvent.com/demo/vuexy-html-bootstrap-admin-template/app-assets/js/scripts/navs/navs.min.js]
[pixinvent.com/demo/vuexy-html-bootstrap-admin-template/html/ltr/vertical-menu-template/app-user-edit.html]
[pixinvent.com/demo/vuexy-html-bootstrap-admin-template/app-assets/vendors/css/tables/datatable/datatables.min.css]
[pixinvent.com/demo/vuexy-html-bootstrap-admin-template/app-assets/vendors/css/file-uploaders/dropzone.min.css]
[pixinvent.com/demo/vuexy-html-bootstrap-admin-template/app-assets/vendors/css/tables/datatable/extensions/dataTables.checkboxes.css]
[pixinvent.com/demo/vuexy-html-bootstrap-admin-template/app-assets/css/plugins/file-uploaders/dropzone.min.css]
[pixinvent.com/demo/vuexy-html-bootstrap-admin-template/app-assets/css/pages/data-list-view.min.css]
[pixinvent.com/demo/vuexy-html-bootstrap-admin-template/app-assets/vendors/js/extensions/dropzone.min.js]
[pixinvent.com/demo/vuexy-html-bootstrap-admin-template/app-assets/vendors/js/tables/ag-grid/ag-grid-community.min.noStyle.js]
[pixinvent.com/demo/vuexy-html-bootstrap-admin-template/app-assets/vendors/js/tables/datatable/datatables.min.js]
[pixinvent.com/demo/vuexy-html-bootstrap-admin-template/app-assets/vendors/js/tables/datatable/datatables.buttons.min.js]
[pixinvent.com/demo/vuexy-html-bootstrap-admin-template/app-assets/vendors/js/tables/datatable/datatables.bootstrap4.min.js]
[pixinvent.com/demo/vuexy-html-bootstrap-admin-template/app-assets/vendors/js/tables/datatable/buttons.bootstrap.min.js]
[pixinvent.com/demo/vuexy-html-bootstrap-admin-template/app-assets/vendors/js/tables/datatable/dataTables.select.min.js]
[pixinvent.com/demo/vuexy-html-bootstrap-admin-template/app-assets/vendors/js/tables/datatable/datatables.checkboxes.min.js]
[pixinvent.com/demo/vuexy-html-bootstrap-admin-template/html/ltr/vertical-menu-template/data-list-view.html]
[pixinvent.com/demo/vuexy-html-bootstrap-admin-template/app-assets/js/scripts/ui/data-list-view.min.js]
[pixinvent.com/demo/vuexy-html-bootstrap-admin-template/app-assets/images/elements/ipad-pro.png]
[pixinvent.com/demo/vuexy-html-bootstrap-admin-template/app-assets/images/elements/jbl-speaker.png]
[pixinvent.com/demo/vuexy-html-bootstrap-admin-template/html/ltr/vertical-menu-template/data-thumb-view.html]
[pixinvent.com/demo/vuexy-html-bootstrap-admin-template/html/ltr/vertical-menu-template/content-grid.html]
[pixinvent.com/demo/vuexy-html-bootstrap-admin-template/html/ltr/vertical-menu-template/content-typography.html]
[pixinvent.com/demo/vuexy-html-bootstrap-admin-template/html/ltr/vertical-menu-template/content-text-utilities.html]
[pixinvent.com/demo/vuexy-html-bootstrap-admin-template/html/ltr/vertical-menu-template/content-syntax-highlighter.html]
[pixinvent.com/demo/vuexy-html-bootstrap-admin-template/app-assets/images/logo/logo.png]
[pixinvent.com/demo/vuexy-html-bootstrap-admin-template/html/ltr/vertical-menu-template/content-helper-classes.html]
[pixinvent.com/demo/vuexy-html-bootstrap-admin-template/html/ltr/vertical-menu-template/colors.html]
[pixinvent.com/demo/vuexy-html-bootstrap-admin-template/html/ltr/vertical-menu-template/icons-feather.html]
[pixinvent.com/demo/vuexy-html-bootstrap-admin-template/html/ltr/vertical-menu-template/icons-font-awesome.html]
[pixinvent.com/demo/vuexy-html-bootstrap-admin-template/app-assets/images/slider/04.jpg]
[pixinvent.com/demo/vuexy-html-bootstrap-admin-template/app-assets/images/slider/01.jpg]
[pixinvent.com/demo/vuexy-html-bootstrap-admin-template/app-assets/images/slider/02.jpg]
[pixinvent.com/demo/vuexy-html-bootstrap-admin-template/app-assets/images/slider/03.jpg]
[pixinvent.com/demo/vuexy-html-bootstrap-admin-template/app-assets/images/slider/05.jpg]
[pixinvent.com/demo/vuexy-html-bootstrap-admin-template/app-assets/images/slider/06.jpg]
[pixinvent.com/demo/vuexy-html-bootstrap-admin-template/app-assets/images/pages/content-img-3.jpg]
[pixinvent.com/demo/vuexy-html-bootstrap-admin-template/app-assets/images/pages/content-img-2.jpg]
[pixinvent.com/demo/vuexy-html-bootstrap-admin-template/app-assets/images/pages/content-img-4.jpg]
[pixinvent.com/demo/vuexy-html-bootstrap-admin-template/app-assets/images/pages/content-img-1.jpg]
[pixinvent.com/demo/vuexy-html-bootstrap-admin-template/html/ltr/vertical-menu-template/card-basic.html]
[pixinvent.com/demo/vuexy-html-bootstrap-admin-template/app-assets/images/pages/card-image-6.jpg]
[pixinvent.com/demo/vuexy-html-bootstrap-admin-template/app-assets/images/pages/card-image-5.jpg]
[pixinvent.com/demo/vuexy-html-bootstrap-admin-template/html/ltr/vertical-menu-template/card-advance.html]
[pixinvent.com/demo/vuexy-html-bootstrap-admin-template/html/ltr/vertical-menu-template/card-statistics.html]
[pixinvent.com/demo/vuexy-html-bootstrap-admin-template/app-assets/js/scripts/cards/card-statistics.min.js]
[pixinvent.com/demo/vuexy-html-bootstrap-admin-template/html/ltr/vertical-menu-template/card-analytics.html]
[pixinvent.com/demo/vuexy-html-bootstrap-admin-template/html/ltr/vertical-menu-template/card-actions.html]
[pixinvent.com/demo/vuexy-html-bootstrap-admin-template/html/ltr/vertical-menu-template/component-alerts.html]
[pixinvent.com/demo/vuexy-html-bootstrap-admin-template/html/ltr/vertical-menu-template/component-buttons-basic.html]
[pixinvent.com/demo/vuexy-html-bootstrap-admin-template/html/ltr/vertical-menu-template/component-breadcrumbs.html]
[pixinvent.com/demo/vuexy-html-bootstrap-admin-template/html/ltr/vertical-menu-template/component-carousel.html]
[pixinvent.com/demo/vuexy-html-bootstrap-admin-template/app-assets/js/scripts/cards/card-analytics.min.js]
[pixinvent.com/demo/vuexy-html-bootstrap-admin-template/html/ltr/vertical-menu-template/component-collapse.html]
[pixinvent.com/demo/vuexy-html-bootstrap-admin-template/html/ltr/vertical-menu-template/component-dropdowns.html]
[pixinvent.com/demo/vuexy-html-bootstrap-admin-template/html/ltr/vertical-menu-template/component-list-group.html]
[pixinvent.com/demo/vuexy-html-bootstrap-admin-template/app-assets/css/plugins/animate/animate.min.css]
[pixinvent.com/demo/vuexy-html-bootstrap-admin-template/html/ltr/vertical-menu-template/component-modals.html]
[pixinvent.com/demo/vuexy-html-bootstrap-admin-template/app-assets/js/scripts/modal/components-modal.min.js]
[pixinvent.com/demo/vuexy-html-bootstrap-admin-template/app-assets/vendors/js/pagination/jquery.bootpag.min.js]
[pixinvent.com/demo/vuexy-html-bootstrap-admin-template/app-assets/vendors/js/pagination/jquery.twbsPagination.min.js]
[pixinvent.com/demo/vuexy-html-bootstrap-admin-template/html/ltr/vertical-menu-template/component-pagination.html]
[pixinvent.com/demo/vuexy-html-bootstrap-admin-template/html/ltr/vertical-menu-template/component-navs-component.html]
[pixinvent.com/demo/vuexy-html-bootstrap-admin-template/html/ltr/vertical-menu-template/component-navbar.html]
[pixinvent.com/demo/vuexy-html-bootstrap-admin-template/html/ltr/vertical-menu-template/component-tabs-component.html]
[pixinvent.com/demo/vuexy-html-bootstrap-admin-template/html/ltr/vertical-menu-template/component-pills-component.html]
[pixinvent.com/demo/vuexy-html-bootstrap-admin-template/app-assets/js/scripts/pagination/pagination.js]
[pixinvent.com/demo/vuexy-html-bootstrap-admin-template/html/ltr/vertical-menu-template/component-tooltips.html]
[pixinvent.com/demo/vuexy-html-bootstrap-admin-template/app-assets/js/scripts/tooltip/tooltip.min.js]
[pixinvent.com/demo/vuexy-html-bootstrap-admin-template/html/ltr/vertical-menu-template/component-popovers.html]
[pixinvent.com/demo/vuexy-html-bootstrap-admin-template/html/ltr/vertical-menu-template/component-badges.html]
[pixinvent.com/demo/vuexy-html-bootstrap-admin-template/html/ltr/vertical-menu-template/component-pill-badges.html]
[pixinvent.com/demo/vuexy-html-bootstrap-admin-template/html/ltr/vertical-menu-template/component-progress.html]
[pixinvent.com/demo/vuexy-html-bootstrap-admin-template/app-assets/js/scripts/popover/popover.min.js]
[pixinvent.com/demo/vuexy-html-bootstrap-admin-template/app-assets/images/portrait/small/avatar-s-23.jpg]
[pixinvent.com/demo/vuexy-html-bootstrap-admin-template/app-assets/images/portrait/small/avatar-s-16.jpg]
[pixinvent.com/demo/vuexy-html-bootstrap-admin-template/app-assets/images/portrait/small/avatar-s-15.jpg]
[pixinvent.com/demo/vuexy-html-bootstrap-admin-template/app-assets/images/portrait/small/avatar-s-21.jpg]
[pixinvent.com/demo/vuexy-html-bootstrap-admin-template/app-assets/images/portrait/small/avatar-s-13.jpg]
[pixinvent.com/demo/vuexy-html-bootstrap-admin-template/html/ltr/vertical-menu-template/component-media-objects.html]
[pixinvent.com/demo/vuexy-html-bootstrap-admin-template/html/ltr/vertical-menu-template/component-spinner.html]
[pixinvent.com/demo/vuexy-html-bootstrap-admin-template/app-assets/js/scripts/pages/bootstrap-toast.min.js]
[pixinvent.com/demo/vuexy-html-bootstrap-admin-template/html/ltr/vertical-menu-template/component-bs-toast.html]
[pixinvent.com/demo/vuexy-html-bootstrap-admin-template/html/ltr/vertical-menu-template/ex-component-avatar.html]
[pixinvent.com/demo/vuexy-html-bootstrap-admin-template/html/ltr/vertical-menu-template/ex-component-chips.html]
[pixinvent.com/demo/vuexy-html-bootstrap-admin-template/html/ltr/vertical-menu-template/ex-component-divider.html]
[pixinvent.com/demo/vuexy-html-bootstrap-admin-template/html/ltr/vertical-menu-template/form-select.html]
[pixinvent.com/demo/vuexy-html-bootstrap-admin-template/html/ltr/vertical-menu-template/form-switch.html]
[pixinvent.com/demo/vuexy-html-bootstrap-admin-template/html/ltr/vertical-menu-template/form-checkbox.html]
[pixinvent.com/demo/vuexy-html-bootstrap-admin-template/html/ltr/vertical-menu-template/form-radio.html]
[pixinvent.com/demo/vuexy-html-bootstrap-admin-template/app-assets/js/scripts/forms/select/form-select2.min.js]
[pixinvent.com/demo/vuexy-html-bootstrap-admin-template/app-assets/js/scripts/forms/form-tooltip-valid.min.js]
[pixinvent.com/demo/vuexy-html-bootstrap-admin-template/html/ltr/vertical-menu-template/form-inputs.html]
[pixinvent.com/demo/vuexy-html-bootstrap-admin-template/html/ltr/vertical-menu-template/form-input-groups.html]
[pixinvent.com/demo/vuexy-html-bootstrap-admin-template/html/ltr/vertical-menu-template/form-number-input.html]
[pixinvent.com/demo/vuexy-html-bootstrap-admin-template/html/ltr/vertical-menu-template/form-textarea.html]
[pixinvent.com/demo/vuexy-html-bootstrap-admin-template/app-assets/vendors/js/pickers/pickadate/picker.time.js]
[pixinvent.com/demo/vuexy-html-bootstrap-admin-template/app-assets/vendors/js/pickers/pickadate/legacy.js]
[pixinvent.com/demo/vuexy-html-bootstrap-admin-template/html/ltr/vertical-menu-template/form-date-time-picker.html]
[pixinvent.com/demo/vuexy-html-bootstrap-admin-template/html/ltr/vertical-menu-template/form-layout.html]
[pixinvent.com/demo/vuexy-html-bootstrap-admin-template/app-assets/js/scripts/pickers/dateTime/pick-a-datetime.min.js]
[pixinvent.com/demo/vuexy-html-bootstrap-admin-template/html/ltr/vertical-menu-template/form-wizard.html]
[pixinvent.com/demo/vuexy-html-bootstrap-admin-template/app-assets/js/scripts/forms/wizard-steps.min.js]
[pixinvent.com/demo/vuexy-html-bootstrap-admin-template/html/ltr/vertical-menu-template/form-validation.html]
[pixinvent.com/demo/vuexy-html-bootstrap-admin-template/html/ltr/vertical-menu-template/table.html]
[pixinvent.com/demo/vuexy-html-bootstrap-admin-template/app-assets/js/scripts/forms/validation/form-validation.js]
[pixinvent.com/demo/vuexy-html-bootstrap-admin-template/app-assets/vendors/js/tables/datatable/buttons.html5.min.js]
[pixinvent.com/demo/vuexy-html-bootstrap-admin-template/app-assets/vendors/js/tables/datatable/buttons.print.min.js]
[pixinvent.com/demo/vuexy-html-bootstrap-admin-template/html/ltr/vertical-menu-template/table-datatable.html]
[pixinvent.com/demo/vuexy-html-bootstrap-admin-template/app-assets/js/scripts/datatables/datatable.min.js]
[pixinvent.com/demo/vuexy-html-bootstrap-admin-template/html/ltr/vertical-menu-template/table-ag-grid.html]
[pixinvent.com/demo/vuexy-html-bootstrap-admin-template/app-assets/js/scripts/ag-grid/ag-grid.min.js]
[pixinvent.com/demo/vuexy-html-bootstrap-admin-template/html/ltr/vertical-menu-template/page-account-settings.html]
[pixinvent.com/demo/vuexy-html-bootstrap-admin-template/app-assets/js/scripts/pages/account-setting.min.js]
[pixinvent.com/demo/vuexy-html-bootstrap-admin-template/app-assets/css/pages/faq.min.css]
[pixinvent.com/demo/vuexy-html-bootstrap-admin-template/html/ltr/vertical-menu-template/page-faq.html]
[pixinvent.com/demo/vuexy-html-bootstrap-admin-template/app-assets/js/scripts/pages/faq-kb.min.js]
[pixinvent.com/demo/vuexy-html-bootstrap-admin-template/app-assets/css/pages/knowledge-base.min.css]
[pixinvent.com/demo/vuexy-html-bootstrap-admin-template/html/ltr/vertical-menu-template/page-kb-category.html]
[pixinvent.com/demo/vuexy-html-bootstrap-admin-template/app-assets/vendors/js/tables/datatable/pdfmake.min.js]
[pixinvent.com/demo/vuexy-html-bootstrap-admin-template/app-assets/images/pages/graphic-1.png]
[pixinvent.com/demo/vuexy-html-bootstrap-admin-template/app-assets/images/pages/graphic-2.png]
[pixinvent.com/demo/vuexy-html-bootstrap-admin-template/app-assets/vendors/js/tables/datatable/vfs_fonts.js]
[pixinvent.com/demo/vuexy-html-bootstrap-admin-template/app-assets/images/pages/graphic-3.png]
[pixinvent.com/demo/vuexy-html-bootstrap-admin-template/app-assets/images/pages/graphic-4.png]
[pixinvent.com/demo/vuexy-html-bootstrap-admin-template/app-assets/images/pages/graphic-5.png]
[pixinvent.com/demo/vuexy-html-bootstrap-admin-template/app-assets/images/pages/graphic-6.png]
[pixinvent.com/demo/vuexy-html-bootstrap-admin-template/html/ltr/vertical-menu-template/page-knowledge-base.html]
[pixinvent.com/demo/vuexy-html-bootstrap-admin-template/app-assets/css/pages/search.min.css]
[pixinvent.com/demo/vuexy-html-bootstrap-admin-template/app-assets/images/pages/search-result.jpg]
[pixinvent.com/demo/vuexy-html-bootstrap-admin-template/app-assets/images/pages/modern.jpg]
[pixinvent.com/demo/vuexy-html-bootstrap-admin-template/app-assets/images/pages/1-apex.png]
[pixinvent.com/demo/vuexy-html-bootstrap-admin-template/app-assets/images/pages/3-convex.png]
[pixinvent.com/demo/vuexy-html-bootstrap-admin-template/app-assets/images/pages/4-materialize.png]
[pixinvent.com/demo/vuexy-html-bootstrap-admin-template/app-assets/images/pages/2-stack.png]
[pixinvent.com/demo/vuexy-html-bootstrap-admin-template/html/ltr/vertical-menu-template/page-search.html]
[pixinvent.com/demo/vuexy-html-bootstrap-admin-template/app-assets/css/pages/invoice.min.css]
[pixinvent.com/demo/vuexy-html-bootstrap-admin-template/app-assets/js/scripts/pages/invoice.min.js]
[pixinvent.com/demo/vuexy-html-bootstrap-admin-template/html/ltr/vertical-menu-template/page-invoice.html]
[pixinvent.com/demo/vuexy-html-bootstrap-admin-template/app-assets/images/pages/register.jpg]
[pixinvent.com/demo/vuexy-html-bootstrap-admin-template/html/ltr/vertical-menu-template/auth-register.html]
[pixinvent.com/demo/vuexy-html-bootstrap-admin-template/app-assets/images/pages/forgot-password.png]
[pixinvent.com/demo/vuexy-html-bootstrap-admin-template/html/ltr/vertical-menu-template/auth-forgot-password.html]
[pixinvent.com/demo/vuexy-html-bootstrap-admin-template/app-assets/images/pages/reset-password.png]
[pixinvent.com/demo/vuexy-html-bootstrap-admin-template/html/ltr/vertical-menu-template/auth-reset-password.html]
[pixinvent.com/demo/vuexy-html-bootstrap-admin-template/app-assets/images/pages/lock-screen.png]
[pixinvent.com/demo/vuexy-html-bootstrap-admin-template/html/ltr/vertical-menu-template/auth-lock-screen.html]
[pixinvent.com/demo/vuexy-html-bootstrap-admin-template/app-assets/images/pages/rocket.png]
[pixinvent.com/demo/vuexy-html-bootstrap-admin-template/app-assets/vendors/js/coming-soon/jquery.countdown.min.js]
[pixinvent.com/demo/vuexy-html-bootstrap-admin-template/html/ltr/vertical-menu-template/page-coming-soon.html]
[pixinvent.com/demo/vuexy-html-bootstrap-admin-template/app-assets/js/scripts/pages/coming-soon.js]
[pixinvent.com/demo/vuexy-html-bootstrap-admin-template/app-assets/images/pages/404.png]
[pixinvent.com/demo/vuexy-html-bootstrap-admin-template/html/ltr/vertical-menu-template/error-404.html]
[pixinvent.com/demo/vuexy-html-bootstrap-admin-template/app-assets/images/pages/500.png]
[pixinvent.com/demo/vuexy-html-bootstrap-admin-template/html/ltr/vertical-menu-template/error-500.html]
[pixinvent.com/demo/vuexy-html-bootstrap-admin-template/app-assets/images/pages/not-authorized.png]
[pixinvent.com/demo/vuexy-html-bootstrap-admin-template/html/ltr/vertical-menu-template/page-not-authorized.html]
[pixinvent.com/demo/vuexy-html-bootstrap-admin-template/app-assets/images/pages/maintenance-2.png]
[pixinvent.com/demo/vuexy-html-bootstrap-admin-template/html/ltr/vertical-menu-template/page-maintenance.html]
[pixinvent.com/demo/vuexy-html-bootstrap-admin-template/html/ltr/vertical-menu-template/chart-apex.html]
[pixinvent.com/demo/vuexy-html-bootstrap-admin-template/app-assets/js/scripts/charts/chart-apex.min.js]
[pixinvent.com/demo/vuexy-html-bootstrap-admin-template/html/ltr/vertical-menu-template/chart-chartjs.html]
[pixinvent.com/demo/vuexy-html-bootstrap-admin-template/app-assets/vendors/js/charts/chart.min.js]
[pixinvent.com/demo/vuexy-html-bootstrap-admin-template/app-assets/js/scripts/charts/chart-chartjs.min.js]
[pixinvent.com/demo/vuexy-html-bootstrap-admin-template/html/ltr/vertical-menu-template/chart-echarts.html]
[pixinvent.com/demo/vuexy-html-bootstrap-admin-template/app-assets/js/scripts/charts/chart-echart.min.js]
[pixinvent.com/demo/vuexy-html-bootstrap-admin-template/app-assets/vendors/js/charts/gmaps.min.js]
[pixinvent.com/demo/vuexy-html-bootstrap-admin-template/html/ltr/vertical-menu-template/maps-google.html]
[pixinvent.com/demo/vuexy-html-bootstrap-admin-template/app-assets/js/scripts/charts/gmaps/maps.min.js]
[pixinvent.com/demo/vuexy-html-bootstrap-admin-template/app-assets/vendors/css/animate/animate.css]
[pixinvent.com/demo/vuexy-html-bootstrap-admin-template/app-assets/vendors/css/extensions/sweetalert2.min.css]
[pixinvent.com/demo/vuexy-html-bootstrap-admin-template/app-assets/vendors/js/extensions/sweetalert2.all.min.js]
[pixinvent.com/demo/vuexy-html-bootstrap-admin-template/app-assets/vendors/js/extensions/polyfill.min.js]
[pixinvent.com/demo/vuexy-html-bootstrap-admin-template/html/ltr/vertical-menu-template/ext-component-sweet-alerts.html]
[pixinvent.com/demo/vuexy-html-bootstrap-admin-template/app-assets/js/scripts/extensions/sweet-alerts.min.js]
[pixinvent.com/demo/vuexy-html-bootstrap-admin-template/html/ltr/vertical-menu-template/ext-component-toastr.html]
[pixinvent.com/demo/vuexy-html-bootstrap-admin-template/app-assets/js/scripts/extensions/toastr.min.js]
[pixinvent.com/demo/vuexy-html-bootstrap-admin-template/app-assets/css/core/colors/palette-noui.css]
[pixinvent.com/demo/vuexy-html-bootstrap-admin-template/html/ltr/vertical-menu-template/ext-component-noui-slider.html]
[pixinvent.com/demo/vuexy-html-bootstrap-admin-template/app-assets/js/scripts/extensions/noui-slider.min.js]
[pixinvent.com/demo/vuexy-html-bootstrap-admin-template/html/ltr/vertical-menu-template/ext-component-file-uploader.html]
[pixinvent.com/demo/vuexy-html-bootstrap-admin-template/app-assets/js/scripts/extensions/dropzone.min.js]
[pixinvent.com/demo/vuexy-html-bootstrap-admin-template/app-assets/vendors/js/charts/echarts/echarts.min.js]
[pixinvent.com/demo/vuexy-html-bootstrap-admin-template/app-assets/vendors/css/editors/quill/quill.bubble.css]
[pixinvent.com/demo/vuexy-html-bootstrap-admin-template/html/ltr/vertical-menu-template/ext-component-quill-editor.html]
[pixinvent.com/demo/vuexy-html-bootstrap-admin-template/app-assets/js/scripts/editors/editor-quill.min.js]
[pixinvent.com/demo/vuexy-html-bootstrap-admin-template/app-assets/vendors/css/extensions/dragula.min.css]
[pixinvent.com/demo/vuexy-html-bootstrap-admin-template/app-assets/css/plugins/extensions/drag-and-drop.min.css]
[pixinvent.com/demo/vuexy-html-bootstrap-admin-template/app-assets/vendors/js/extensions/dragula.min.js]
[pixinvent.com/demo/vuexy-html-bootstrap-admin-template/html/ltr/vertical-menu-template/ext-component-drag-drop.html]
[pixinvent.com/demo/vuexy-html-bootstrap-admin-template/app-assets/js/scripts/extensions/drag-drop.min.js]
[pixinvent.com/demo/vuexy-html-bootstrap-admin-template/html/ltr/vertical-menu-template/ext-component-tour.html]
[pixinvent.com/demo/vuexy-html-bootstrap-admin-template/app-assets/js/scripts/extensions/tour.min.js]
[pixinvent.com/demo/vuexy-html-bootstrap-admin-template/app-assets/js/scripts/extensions/copy-to-clipboard.min.js]
[pixinvent.com/demo/vuexy-html-bootstrap-admin-template/html/ltr/vertical-menu-template/ext-component-clipboard.html]
[pixinvent.com/demo/vuexy-html-bootstrap-admin-template/app-assets/vendors/css/extensions/plyr.css]
[pixinvent.com/demo/vuexy-html-bootstrap-admin-template/app-assets/vendors/js/media/plyr.js]
[pixinvent.com/demo/vuexy-html-bootstrap-admin-template/app-assets/js/scripts/extensions/media-plyr.min.js]
[pixinvent.com/demo/vuexy-html-bootstrap-admin-template/html/ltr/vertical-menu-template/ext-component-plyr.html]
[pixinvent.com/demo/vuexy-html-bootstrap-admin-template/app-assets/vendors/css/extensions/jquery.contextMenu.min.css]
[pixinvent.com/demo/vuexy-html-bootstrap-admin-template/app-assets/vendors/js/media/plyr.polyfilled.js]
[pixinvent.com/demo/vuexy-html-bootstrap-admin-template/app-assets/vendors/js/extensions/jquery.contextMenu.min.js]
[pixinvent.com/demo/vuexy-html-bootstrap-admin-template/app-assets/vendors/js/extensions/jquery.ui.position.min.js]
[pixinvent.com/demo/vuexy-html-bootstrap-admin-template/html/ltr/vertical-menu-template/ext-component-context-menu.html]
[pixinvent.com/demo/vuexy-html-bootstrap-admin-template/app-assets/js/scripts/extensions/context-menu.min.js]
[pixinvent.com/demo/vuexy-html-bootstrap-admin-template/app-assets/css/plugins/extensions/swiper.min.css]
[pixinvent.com/demo/vuexy-html-bootstrap-admin-template/app-assets/images/banner/banner-1.jpg]
[pixinvent.com/demo/vuexy-html-bootstrap-admin-template/app-assets/images/banner/banner-2.jpg]
[pixinvent.com/demo/vuexy-html-bootstrap-admin-template/app-assets/images/banner/banner-4.jpg]
[pixinvent.com/demo/vuexy-html-bootstrap-admin-template/app-assets/images/banner/banner-13.jpg]
[pixinvent.com/demo/vuexy-html-bootstrap-admin-template/app-assets/images/banner/banner-7.jpg]
[pixinvent.com/demo/vuexy-html-bootstrap-admin-template/app-assets/images/banner/banner-14.jpg]
[pixinvent.com/demo/vuexy-html-bootstrap-admin-template/app-assets/images/banner/banner-3.jpg]
[pixinvent.com/demo/vuexy-html-bootstrap-admin-template/app-assets/images/banner/banner-12.jpg]
[pixinvent.com/demo/vuexy-html-bootstrap-admin-template/app-assets/images/banner/banner-9.jpg]
[pixinvent.com/demo/vuexy-html-bootstrap-admin-template/app-assets/images/banner/banner-8.jpg]
[pixinvent.com/demo/vuexy-html-bootstrap-admin-template/app-assets/images/banner/banner-20.jpg]
[pixinvent.com/demo/vuexy-html-bootstrap-admin-template/app-assets/images/banner/banner-5.jpg]
[pixinvent.com/demo/vuexy-html-bootstrap-admin-template/app-assets/images/banner/banner-31.jpg]
[pixinvent.com/demo/vuexy-html-bootstrap-admin-template/app-assets/images/banner/banner-32.jpg]
[pixinvent.com/demo/vuexy-html-bootstrap-admin-template/app-assets/images/banner/banner-33.jpg]
[pixinvent.com/demo/vuexy-html-bootstrap-admin-template/app-assets/images/banner/banner-34.jpg]
[pixinvent.com/demo/vuexy-html-bootstrap-admin-template/app-assets/images/banner/banner-35.jpg]
[pixinvent.com/demo/vuexy-html-bootstrap-admin-template/app-assets/images/banner/banner-26.jpg]
[pixinvent.com/demo/vuexy-html-bootstrap-admin-template/app-assets/images/banner/banner-39.jpg]
[pixinvent.com/demo/vuexy-html-bootstrap-admin-template/app-assets/images/banner/banner-28.jpg]
[pixinvent.com/demo/vuexy-html-bootstrap-admin-template/app-assets/images/banner/banner-29.jpg]
[pixinvent.com/demo/vuexy-html-bootstrap-admin-template/app-assets/images/banner/banner-30.jpg]
[pixinvent.com/demo/vuexy-html-bootstrap-admin-template/app-assets/images/banner/banner-19.jpg]
[pixinvent.com/demo/vuexy-html-bootstrap-admin-template/app-assets/images/banner/banner-18.jpg]
[pixinvent.com/demo/vuexy-html-bootstrap-admin-template/app-assets/images/banner/banner-17.jpg]
[pixinvent.com/demo/vuexy-html-bootstrap-admin-template/app-assets/images/banner/banner-16.jpg]
[pixinvent.com/demo/vuexy-html-bootstrap-admin-template/app-assets/images/banner/banner-21.jpg]
[pixinvent.com/demo/vuexy-html-bootstrap-admin-template/app-assets/images/banner/banner-22.jpg]
[pixinvent.com/demo/vuexy-html-bootstrap-admin-template/app-assets/images/banner/banner-23.jpg]
[pixinvent.com/demo/vuexy-html-bootstrap-admin-template/app-assets/images/banner/banner-24.jpg]
[pixinvent.com/demo/vuexy-html-bootstrap-admin-template/app-assets/images/banner/banner-38.jpg]
[pixinvent.com/demo/vuexy-html-bootstrap-admin-template/app-assets/images/banner/banner-37.jpg]
[pixinvent.com/demo/vuexy-html-bootstrap-admin-template/app-assets/images/banner/banner-36.jpg]
[pixinvent.com/demo/vuexy-html-bootstrap-admin-template/app-assets/images/banner/banner-10.jpg]
[pixinvent.com/demo/vuexy-html-bootstrap-admin-template/app-assets/images/banner/banner-11.jpg]
[pixinvent.com/demo/vuexy-html-bootstrap-admin-template/app-assets/images/banner/banner-15.jpg]
[pixinvent.com/demo/vuexy-html-bootstrap-admin-template/app-assets/images/banner/parallax-4.jpg]
[pixinvent.com/demo/vuexy-html-bootstrap-admin-template/html/ltr/vertical-menu-template/ext-component-swiper.html]
[pixinvent.com/demo/vuexy-html-bootstrap-admin-template/app-assets/js/scripts/extensions/swiper.min.js]
[pixinvent.com/demo/vuexy-html-bootstrap-admin-template/html/ltr/vertical-menu-template/ext-component-i18n.html]
[pixinvent.com/demo/vuexy-html-bootstrap-admin-template/app-assets/css/pages/app-todo.min.css]
[pixinvent.com/demo/vuexy-html-bootstrap-admin-template/app-assets/css/pages/app-chat.min.css]
[pixinvent.com/demo/vuexy-html-bootstrap-admin-template/app-assets/js/scripts/extensions/i18n.js]
[pixinvent.com/demo/vuexy-html-bootstrap-admin-template/app-assets/vendors/css/editors/quill/fonts/KaTeX_Main-Regular.woff2]
[pixinvent.com/demo/vuexy-html-bootstrap-admin-template/app-assets/vendors/css/editors/quill/fonts/KaTeX_Math-Italic.woff2]
[pixinvent.com/demo/vuexy-html-bootstrap-admin-template/app-assets/vendors/css/editors/quill/katex.min.css]
[pixinvent.com/demo/vuexy-html-bootstrap-admin-template/app-assets/vendors/css/editors/quill/monokai-sublime.min.css]
[pixinvent.com/demo/vuexy-html-bootstrap-admin-template/app-assets/vendors/css/editors/quill/quill.snow.css]
[pixinvent.com/demo/vuexy-html-bootstrap-admin-template/app-assets/css/pages/app-email.min.css]
[pixinvent.com/demo/vuexy-html-bootstrap-admin-template/app-assets/vendors/css/calendars/fullcalendar.min.css]
[pixinvent.com/demo/vuexy-html-bootstrap-admin-template/app-assets/vendors/css/calendars/extensions/daygrid.min.css]
[pixinvent.com/demo/vuexy-html-bootstrap-admin-template/app-assets/vendors/css/calendars/extensions/timegrid.min.css]
[pixinvent.com/demo/vuexy-html-bootstrap-admin-template/app-assets/vendors/css/pickers/pickadate/pickadate.css]
[pixinvent.com/demo/vuexy-html-bootstrap-admin-template/app-assets/css/plugins/calendars/fullcalendar.min.css]
[pixinvent.com/demo/vuexy-html-bootstrap-admin-template/app-assets/css/pages/users.min.css]
[pixinvent.com/demo/vuexy-html-bootstrap-admin-template/app-assets/css/pages/authentication.css]
[pixinvent.com/demo/vuexy-html-bootstrap-admin-template/app-assets/css/pages/dashboard-ecommerce.min.css]
[pixinvent.com/demo/vuexy-html-bootstrap-admin-template/app-assets/vendors/css/extensions/nouislider.min.css]
[pixinvent.com/demo/vuexy-html-bootstrap-admin-template/app-assets/vendors/css/ui/prism.min.css]
[pixinvent.com/demo/vuexy-html-bootstrap-admin-template/app-assets/vendors/css/forms/select/select2.min.css]
[pixinvent.com/demo/vuexy-html-bootstrap-admin-template/app-assets/css/plugins/extensions/noui-slider.min.css]
[pixinvent.com/demo/vuexy-html-bootstrap-admin-template/app-assets/css/pages/app-ecommerce-shop.min.css]
[pixinvent.com/demo/vuexy-html-bootstrap-admin-template/app-assets/vendors/css/forms/spinner/jquery.bootstrap-touchspin.css]
[pixinvent.com/demo/vuexy-html-bootstrap-admin-template/app-assets/vendors/css/extensions/swiper.min.css]
[pixinvent.com/demo/vuexy-html-bootstrap-admin-template/app-assets/css/pages/app-ecommerce-details.min.css]
[pixinvent.com/demo/vuexy-html-bootstrap-admin-template/app-assets/vendors/css/extensions/toastr.css]
[pixinvent.com/demo/vuexy-html-bootstrap-admin-template/app-assets/css/plugins/forms/wizard.min.css]
[pixinvent.com/demo/vuexy-html-bootstrap-admin-template/app-assets/css/plugins/extensions/toastr.min.css]
[pixinvent.com/demo/vuexy-html-bootstrap-admin-template/app-assets/vendors/css/tables/ag-grid/ag-grid.css]
[pixinvent.com/demo/vuexy-html-bootstrap-admin-template/app-assets/vendors/css/tables/ag-grid/ag-theme-material.css]
[pixinvent.com/demo/vuexy-html-bootstrap-admin-template/app-assets/css/pages/app-user.min.css]
[pixinvent.com/demo/vuexy-html-bootstrap-admin-template/app-assets/css/pages/aggrid.min.css]
[pixinvent.com/demo/vuexy-html-bootstrap-admin-template/app-assets/css/plugins/forms/validation/form-validation.css]
[pixinvent.com/demo/vuexy-html-bootstrap-admin-template/app-assets/vendors/css/tables/datatable/datatables.min.css]
[pixinvent.com/demo/vuexy-html-bootstrap-admin-template/app-assets/vendors/css/file-uploaders/dropzone.min.css]
[pixinvent.com/demo/vuexy-html-bootstrap-admin-template/app-assets/vendors/css/tables/datatable/extensions/dataTables.checkboxes.css]
[pixinvent.com/demo/vuexy-html-bootstrap-admin-template/app-assets/images/dropzone/spritemap.png]
[pixinvent.com/demo/vuexy-html-bootstrap-admin-template/app-assets/css/plugins/file-uploaders/dropzone.min.css]
[pixinvent.com/demo/vuexy-html-bootstrap-admin-template/app-assets/css/pages/data-list-view.min.css]
[pixinvent.com/demo/vuexy-html-bootstrap-admin-template/app-assets/css/pages/colors.min.css]
[pixinvent.com/demo/vuexy-html-bootstrap-admin-template/app-assets/css/plugins/animate/animate.min.css]
[pixinvent.com/demo/vuexy-html-bootstrap-admin-template/app-assets/images/pages/faq.jpg]
[pixinvent.com/demo/vuexy-html-bootstrap-admin-template/app-assets/css/pages/faq.min.css]
[pixinvent.com/demo/vuexy-html-bootstrap-admin-template/app-assets/images/pages/knowledge-base-cover.jpg]
[pixinvent.com/demo/vuexy-html-bootstrap-admin-template/app-assets/css/pages/knowledge-base.min.css]
[pixinvent.com/demo/vuexy-html-bootstrap-admin-template/html/ltr/vertical-menu-template/page-kb-category.html]
[pixinvent.com/demo/vuexy-html-bootstrap-admin-template/app-assets/css/pages/search.min.css]
[pixinvent.com/demo/vuexy-html-bootstrap-admin-template/app-assets/css/pages/invoice.min.css]
[pixinvent.com/demo/vuexy-html-bootstrap-admin-template/app-assets/css/pages/coming-soon.css]
[pixinvent.com/demo/vuexy-html-bootstrap-admin-template/app-assets/css/pages/error.min.css]
[pixinvent.com/demo/vuexy-html-bootstrap-admin-template/app-assets/vendors/css/animate/animate.css]
[pixinvent.com/demo/vuexy-html-bootstrap-admin-template/app-assets/vendors/css/extensions/sweetalert2.min.css]
[pixinvent.com/demo/vuexy-html-bootstrap-admin-template/app-assets/css/core/colors/palette-noui.css]
[pixinvent.com/demo/vuexy-html-bootstrap-admin-template/app-assets/vendors/css/editors/quill/quill.bubble.css]
[pixinvent.com/demo/vuexy-html-bootstrap-admin-template/app-assets/vendors/css/extensions/dragula.min.css]
[pixinvent.com/demo/vuexy-html-bootstrap-admin-template/app-assets/css/plugins/extensions/drag-and-drop.min.css]
[pixinvent.com/demo/vuexy-html-bootstrap-admin-template/app-assets/vendors/css/extensions/plyr.css]
[pixinvent.com/demo/vuexy-html-bootstrap-admin-template/app-assets/css/plugins/extensions/media-plyr.min.css]
[pixinvent.com/demo/vuexy-html-bootstrap-admin-template/html/ltr/vertical-menu-template/page-kb-question.html]
[pixinvent.com/demo/vuexy-html-bootstrap-admin-template/app-assets/vendors/css/extensions/jquery.contextMenu.min.css]
[pixinvent.com/demo/vuexy-html-bootstrap-admin-template/app-assets/css/plugins/extensions/context-menu.min.css]
[pixinvent.com/demo/vuexy-html-bootstrap-admin-template/app-assets/css/plugins/extensions/swiper.min.css]
[pixinvent.com/demo/vuexy-html-bootstrap-admin-template/app-assets/vendors/css/editors/quill/fonts/KaTeX_AMS-Regular.html]
[pixinvent.com/demo/vuexy-html-bootstrap-admin-template/app-assets/vendors/css/editors/quill/fonts/KaTeX_AMS-Regular-2.html]
[pixinvent.com/demo/vuexy-html-bootstrap-admin-template/app-assets/vendors/css/editors/quill/fonts/KaTeX_Caligraphic-Bold.html]
[pixinvent.com/demo/vuexy-html-bootstrap-admin-template/app-assets/vendors/css/editors/quill/fonts/KaTeX_Caligraphic-Bold-2.html]
[pixinvent.com/demo/vuexy-html-bootstrap-admin-template/app-assets/vendors/css/editors/quill/fonts/KaTeX_Caligraphic-Regular.html]
[pixinvent.com/demo/vuexy-html-bootstrap-admin-template/app-assets/vendors/css/editors/quill/fonts/KaTeX_Caligraphic-Regular-2.html]
[pixinvent.com/demo/vuexy-html-bootstrap-admin-template/app-assets/vendors/css/editors/quill/fonts/KaTeX_Fraktur-Bold.html]
[pixinvent.com/demo/vuexy-html-bootstrap-admin-template/app-assets/vendors/css/editors/quill/fonts/KaTeX_Fraktur-Bold-2.html]
[pixinvent.com/demo/vuexy-html-bootstrap-admin-template/app-assets/vendors/css/editors/quill/fonts/KaTeX_Fraktur-Regular.html]
[pixinvent.com/demo/vuexy-html-bootstrap-admin-template/app-assets/vendors/css/editors/quill/fonts/KaTeX_Fraktur-Regular-2.html]
[pixinvent.com/demo/vuexy-html-bootstrap-admin-template/app-assets/vendors/css/editors/quill/fonts/KaTeX_Main-Bold.html]
[pixinvent.com/demo/vuexy-html-bootstrap-admin-template/app-assets/vendors/css/editors/quill/fonts/KaTeX_Main-Bold-2.html]
[pixinvent.com/demo/vuexy-html-bootstrap-admin-template/app-assets/vendors/css/editors/quill/fonts/KaTeX_Main-Italic.html]
[pixinvent.com/demo/vuexy-html-bootstrap-admin-template/app-assets/vendors/css/editors/quill/fonts/KaTeX_Main-Italic-2.html]
[pixinvent.com/demo/vuexy-html-bootstrap-admin-template/app-assets/vendors/css/editors/quill/fonts/KaTeX_Main-Regular.html]
[pixinvent.com/demo/vuexy-html-bootstrap-admin-template/app-assets/vendors/css/editors/quill/fonts/KaTeX_Main-Regular-2.html]
[pixinvent.com/demo/vuexy-html-bootstrap-admin-template/app-assets/vendors/css/editors/quill/fonts/KaTeX_Math-Italic.html]
[pixinvent.com/demo/vuexy-html-bootstrap-admin-template/app-assets/vendors/css/editors/quill/fonts/KaTeX_Math-Italic-2.html]
[pixinvent.com/demo/vuexy-html-bootstrap-admin-template/app-assets/vendors/css/editors/quill/fonts/KaTeX_SansSerif-Regular.html]
[pixinvent.com/demo/vuexy-html-bootstrap-admin-template/app-assets/vendors/css/editors/quill/fonts/KaTeX_SansSerif-Regular-2.html]
[pixinvent.com/demo/vuexy-html-bootstrap-admin-template/app-assets/vendors/css/editors/quill/fonts/KaTeX_Script-Regular.html]
[pixinvent.com/demo/vuexy-html-bootstrap-admin-template/app-assets/vendors/css/editors/quill/fonts/KaTeX_Script-Regular-2.html]
[pixinvent.com/demo/vuexy-html-bootstrap-admin-template/app-assets/vendors/css/editors/quill/fonts/KaTeX_Size1-Regular.html]
[pixinvent.com/demo/vuexy-html-bootstrap-admin-template/app-assets/vendors/css/editors/quill/fonts/KaTeX_Size1-Regular-2.html]
[pixinvent.com/demo/vuexy-html-bootstrap-admin-template/app-assets/vendors/css/editors/quill/fonts/KaTeX_Size2-Regular.html]
[pixinvent.com/demo/vuexy-html-bootstrap-admin-template/app-assets/vendors/css/editors/quill/fonts/KaTeX_Size2-Regular-2.html]
[pixinvent.com/demo/vuexy-html-bootstrap-admin-template/app-assets/vendors/css/editors/quill/fonts/KaTeX_Size3-Regular.html]
[pixinvent.com/demo/vuexy-html-bootstrap-admin-template/app-assets/vendors/css/editors/quill/fonts/KaTeX_Size3-Regular-2.html]
[pixinvent.com/demo/vuexy-html-bootstrap-admin-template/app-assets/vendors/css/editors/quill/fonts/KaTeX_Size4-Regular.html]
[pixinvent.com/demo/vuexy-html-bootstrap-admin-template/app-assets/vendors/css/editors/quill/fonts/KaTeX_Size4-Regular-2.html]
[pixinvent.com/demo/vuexy-html-bootstrap-admin-template/app-assets/vendors/css/editors/quill/fonts/KaTeX_Typewriter-Regular.html]
[pixinvent.com/demo/vuexy-html-bootstrap-admin-template/app-assets/vendors/css/editors/quill/fonts/KaTeX_Typewriter-Regular-2.html]
[pixinvent.com/demo/vuexy-html-bootstrap-admin-template/app-assets/images/pages/kb-article.jpg]
[pixinvent.com/demo/vuexy-html-bootstrap-admin-template/html/ltr/vertical-menu-template/page-kb-question.html]
[pixinvent.com/demo/vuexy-html-bootstrap-admin-template/app-assets/vendors/css/extensions/font/context-menu-icons6a65.html]
[pixinvent.com/demo/vuexy-html-bootstrap-admin-template/app-assets/vendors/css/extensions/font/context-menu-icons6a65-2.html]
